sources/platform/stm32f/Libraries/STM32F10x_StdPeriph_Driver/src/stm32f10x_spi.c:118:6:SPI_I2S_DeInit	8	static
sources/platform/stm32f/Libraries/STM32F10x_StdPeriph_Driver/src/stm32f10x_spi.c:157:6:SPI_Init	8	static
sources/platform/stm32f/Libraries/STM32F10x_StdPeriph_Driver/src/stm32f10x_spi.c:218:6:I2S_Init	48	static
sources/platform/stm32f/Libraries/STM32F10x_StdPeriph_Driver/src/stm32f10x_spi.c:369:6:SPI_StructInit	0	static
sources/platform/stm32f/Libraries/STM32F10x_StdPeriph_Driver/src/stm32f10x_spi.c:397:6:I2S_StructInit	0	static
sources/platform/stm32f/Libraries/STM32F10x_StdPeriph_Driver/src/stm32f10x_spi.c:426:6:SPI_Cmd	0	static
sources/platform/stm32f/Libraries/STM32F10x_StdPeriph_Driver/src/stm32f10x_spi.c:450:6:I2S_Cmd	0	static
sources/platform/stm32f/Libraries/STM32F10x_StdPeriph_Driver/src/stm32f10x_spi.c:481:6:SPI_I2S_ITConfig	0	static
sources/platform/stm32f/Libraries/STM32F10x_StdPeriph_Driver/src/stm32f10x_spi.c:520:6:SPI_I2S_DMACmd	0	static
sources/platform/stm32f/Libraries/STM32F10x_StdPeriph_Driver/src/stm32f10x_spi.c:546:6:SPI_I2S_SendData	0	static
sources/platform/stm32f/Libraries/STM32F10x_StdPeriph_Driver/src/stm32f10x_spi.c:562:10:SPI_I2S_ReceiveData	0	static
sources/platform/stm32f/Libraries/STM32F10x_StdPeriph_Driver/src/stm32f10x_spi.c:580:6:SPI_NSSInternalSoftwareConfig	0	static
sources/platform/stm32f/Libraries/STM32F10x_StdPeriph_Driver/src/stm32f10x_spi.c:604:6:SPI_SSOutputCmd	0	static
sources/platform/stm32f/Libraries/STM32F10x_StdPeriph_Driver/src/stm32f10x_spi.c:630:6:SPI_DataSizeConfig	0	static
sources/platform/stm32f/Libraries/STM32F10x_StdPeriph_Driver/src/stm32f10x_spi.c:646:6:SPI_TransmitCRC	0	static
sources/platform/stm32f/Libraries/STM32F10x_StdPeriph_Driver/src/stm32f10x_spi.c:662:6:SPI_CalculateCRC	0	static
sources/platform/stm32f/Libraries/STM32F10x_StdPeriph_Driver/src/stm32f10x_spi.c:688:10:SPI_GetCRC	0	static
sources/platform/stm32f/Libraries/STM32F10x_StdPeriph_Driver/src/stm32f10x_spi.c:713:10:SPI_GetCRCPolynomial	0	static
sources/platform/stm32f/Libraries/STM32F10x_StdPeriph_Driver/src/stm32f10x_spi.c:731:6:SPI_BiDirectionalLineConfig	0	static
sources/platform/stm32f/Libraries/STM32F10x_StdPeriph_Driver/src/stm32f10x_spi.c:765:12:SPI_I2S_GetFlagStatus	0	static
sources/platform/stm32f/Libraries/STM32F10x_StdPeriph_Driver/src/stm32f10x_spi.c:803:6:SPI_I2S_ClearFlag	0	static
sources/platform/stm32f/Libraries/STM32F10x_StdPeriph_Driver/src/stm32f10x_spi.c:828:10:SPI_I2S_GetITStatus	8	static
sources/platform/stm32f/Libraries/STM32F10x_StdPeriph_Driver/src/stm32f10x_spi.c:882:6:SPI_I2S_ClearITPendingBit	0	static
