sources/platform/stm32f/Libraries/STM32F10x_StdPeriph_Driver/src/stm32f10x_flash.c:248:6:FLASH_SetLatency	0	static
sources/platform/stm32f/Libraries/STM32F10x_StdPeriph_Driver/src/stm32f10x_flash.c:275:6:FLASH_HalfCycleAccessCmd	0	static
sources/platform/stm32f/Libraries/STM32F10x_StdPeriph_Driver/src/stm32f10x_flash.c:294:6:FLASH_PrefetchBufferCmd	0	static
sources/platform/stm32f/Libraries/STM32F10x_StdPeriph_Driver/src/stm32f10x_flash.c:313:6:FLASH_Unlock	0	static
sources/platform/stm32f/Libraries/STM32F10x_StdPeriph_Driver/src/stm32f10x_flash.c:334:6:FLASH_UnlockBank1	0	static
sources/platform/stm32f/Libraries/STM32F10x_StdPeriph_Driver/src/stm32f10x_flash.c:366:6:FLASH_Lock	0	static
sources/platform/stm32f/Libraries/STM32F10x_StdPeriph_Driver/src/stm32f10x_flash.c:386:6:FLASH_LockBank1	0	static
sources/platform/stm32f/Libraries/STM32F10x_StdPeriph_Driver/src/stm32f10x_flash.c:1210:10:FLASH_GetUserOptionByte	0	static
sources/platform/stm32f/Libraries/STM32F10x_StdPeriph_Driver/src/stm32f10x_flash.c:1222:10:FLASH_GetWriteProtectionOptionByte	0	static
sources/platform/stm32f/Libraries/STM32F10x_StdPeriph_Driver/src/stm32f10x_flash.c:1234:12:FLASH_GetReadOutProtectionStatus	0	static
sources/platform/stm32f/Libraries/STM32F10x_StdPeriph_Driver/src/stm32f10x_flash.c:1254:12:FLASH_GetPrefetchBufferStatus	0	static
sources/platform/stm32f/Libraries/STM32F10x_StdPeriph_Driver/src/stm32f10x_flash.c:1284:6:FLASH_ITConfig	0	static
sources/platform/stm32f/Libraries/STM32F10x_StdPeriph_Driver/src/stm32f10x_flash.c:1351:12:FLASH_GetFlagStatus	0	static
sources/platform/stm32f/Libraries/STM32F10x_StdPeriph_Driver/src/stm32f10x_flash.c:1437:6:FLASH_ClearFlag	0	static
sources/platform/stm32f/Libraries/STM32F10x_StdPeriph_Driver/src/stm32f10x_flash.c:1471:14:FLASH_GetStatus	0	static
sources/platform/stm32f/Libraries/STM32F10x_StdPeriph_Driver/src/stm32f10x_flash.c:1509:14:FLASH_GetBank1Status	0	static
sources/platform/stm32f/Libraries/STM32F10x_StdPeriph_Driver/src/stm32f10x_flash.c:1589:14:FLASH_WaitForLastOperation	8	static
sources/platform/stm32f/Libraries/STM32F10x_StdPeriph_Driver/src/stm32f10x_flash.c:413:14:FLASH_ErasePage	16	static
sources/platform/stm32f/Libraries/STM32F10x_StdPeriph_Driver/src/stm32f10x_flash.c:486:14:FLASH_EraseAllPages	8	static
sources/platform/stm32f/Libraries/STM32F10x_StdPeriph_Driver/src/stm32f10x_flash.c:549:14:FLASH_EraseAllBank1Pages	0	static
sources/platform/stm32f/Libraries/STM32F10x_StdPeriph_Driver/src/stm32f10x_flash.c:610:14:FLASH_EraseOptionBytes	16	static
sources/platform/stm32f/Libraries/STM32F10x_StdPeriph_Driver/src/stm32f10x_flash.c:675:14:FLASH_ProgramWord	24	static
sources/platform/stm32f/Libraries/STM32F10x_StdPeriph_Driver/src/stm32f10x_flash.c:852:14:FLASH_ProgramHalfWord	16	static
sources/platform/stm32f/Libraries/STM32F10x_StdPeriph_Driver/src/stm32f10x_flash.c:923:14:FLASH_ProgramOptionByteData	16	static
sources/platform/stm32f/Libraries/STM32F10x_StdPeriph_Driver/src/stm32f10x_flash.c:969:14:FLASH_EnableWriteProtection	8	static
sources/platform/stm32f/Libraries/STM32F10x_StdPeriph_Driver/src/stm32f10x_flash.c:1043:14:FLASH_ReadOutProtection	16	static
sources/platform/stm32f/Libraries/STM32F10x_StdPeriph_Driver/src/stm32f10x_flash.c:1112:14:FLASH_UserOptionByteConfig	24	static
sources/platform/stm32f/Libraries/STM32F10x_StdPeriph_Driver/src/stm32f10x_flash.c:1617:14:FLASH_WaitForLastBank1Operation	0	static
