sources/platform/stm32f/Libraries/STM32F10x_StdPeriph_Driver/src/stm32f10x_adc.c:178:6:ADC_DeInit	8	static
sources/platform/stm32f/Libraries/STM32F10x_StdPeriph_Driver/src/stm32f10x_adc.c:217:6:ADC_Init	8	static
sources/platform/stm32f/Libraries/STM32F10x_StdPeriph_Driver/src/stm32f10x_adc.c:274:6:ADC_StructInit	0	static
sources/platform/stm32f/Libraries/STM32F10x_StdPeriph_Driver/src/stm32f10x_adc.c:298:6:ADC_Cmd	0	static
sources/platform/stm32f/Libraries/STM32F10x_StdPeriph_Driver/src/stm32f10x_adc.c:323:6:ADC_DMACmd	0	static
sources/platform/stm32f/Libraries/STM32F10x_StdPeriph_Driver/src/stm32f10x_adc.c:352:6:ADC_ITConfig	0	static
sources/platform/stm32f/Libraries/STM32F10x_StdPeriph_Driver/src/stm32f10x_adc.c:378:6:ADC_ResetCalibration	0	static
sources/platform/stm32f/Libraries/STM32F10x_StdPeriph_Driver/src/stm32f10x_adc.c:391:12:ADC_GetResetCalibrationStatus	0	static
sources/platform/stm32f/Libraries/STM32F10x_StdPeriph_Driver/src/stm32f10x_adc.c:416:6:ADC_StartCalibration	0	static
sources/platform/stm32f/Libraries/STM32F10x_StdPeriph_Driver/src/stm32f10x_adc.c:429:12:ADC_GetCalibrationStatus	0	static
sources/platform/stm32f/Libraries/STM32F10x_StdPeriph_Driver/src/stm32f10x_adc.c:456:6:ADC_SoftwareStartConvCmd	0	static
sources/platform/stm32f/Libraries/STM32F10x_StdPeriph_Driver/src/stm32f10x_adc.c:480:12:ADC_GetSoftwareStartConvStatus	0	static
sources/platform/stm32f/Libraries/STM32F10x_StdPeriph_Driver/src/stm32f10x_adc.c:508:6:ADC_DiscModeChannelCountConfig	0	static
sources/platform/stm32f/Libraries/STM32F10x_StdPeriph_Driver/src/stm32f10x_adc.c:535:6:ADC_DiscModeCmd	0	static
sources/platform/stm32f/Libraries/STM32F10x_StdPeriph_Driver/src/stm32f10x_adc.c:589:6:ADC_RegularChannelConfig	16	static
sources/platform/stm32f/Libraries/STM32F10x_StdPeriph_Driver/src/stm32f10x_adc.c:685:6:ADC_ExternalTrigConvCmd	0	static
sources/platform/stm32f/Libraries/STM32F10x_StdPeriph_Driver/src/stm32f10x_adc.c:707:10:ADC_GetConversionValue	0	static
sources/platform/stm32f/Libraries/STM32F10x_StdPeriph_Driver/src/stm32f10x_adc.c:719:10:ADC_GetDualModeConversionValue	0	static
sources/platform/stm32f/Libraries/STM32F10x_StdPeriph_Driver/src/stm32f10x_adc.c:733:6:ADC_AutoInjectedConvCmd	0	static
sources/platform/stm32f/Libraries/STM32F10x_StdPeriph_Driver/src/stm32f10x_adc.c:759:6:ADC_InjectedDiscModeCmd	0	static
sources/platform/stm32f/Libraries/STM32F10x_StdPeriph_Driver/src/stm32f10x_adc.c:798:6:ADC_ExternalTrigInjectedConvConfig	0	static
sources/platform/stm32f/Libraries/STM32F10x_StdPeriph_Driver/src/stm32f10x_adc.c:823:6:ADC_ExternalTrigInjectedConvCmd	0	static
sources/platform/stm32f/Libraries/STM32F10x_StdPeriph_Driver/src/stm32f10x_adc.c:848:6:ADC_SoftwareStartInjectedConvCmd	0	static
sources/platform/stm32f/Libraries/STM32F10x_StdPeriph_Driver/src/stm32f10x_adc.c:872:12:ADC_GetSoftwareStartInjectedConvCmdStatus	0	static
sources/platform/stm32f/Libraries/STM32F10x_StdPeriph_Driver/src/stm32f10x_adc.c:929:6:ADC_InjectedChannelConfig	16	static
sources/platform/stm32f/Libraries/STM32F10x_StdPeriph_Driver/src/stm32f10x_adc.c:992:6:ADC_InjectedSequencerLengthConfig	0	static
sources/platform/stm32f/Libraries/STM32F10x_StdPeriph_Driver/src/stm32f10x_adc.c:1024:6:ADC_SetInjectedOffset	8	static
sources/platform/stm32f/Libraries/STM32F10x_StdPeriph_Driver/src/stm32f10x_adc.c:1051:10:ADC_GetInjectedConversionValue	8	static
sources/platform/stm32f/Libraries/STM32F10x_StdPeriph_Driver/src/stm32f10x_adc.c:1081:6:ADC_AnalogWatchdogCmd	0	static
sources/platform/stm32f/Libraries/STM32F10x_StdPeriph_Driver/src/stm32f10x_adc.c:1106:6:ADC_AnalogWatchdogThresholdsConfig	0	static
sources/platform/stm32f/Libraries/STM32F10x_StdPeriph_Driver/src/stm32f10x_adc.c:1144:6:ADC_AnalogWatchdogSingleChannelConfig	0	static
sources/platform/stm32f/Libraries/STM32F10x_StdPeriph_Driver/src/stm32f10x_adc.c:1166:6:ADC_TempSensorVrefintCmd	0	static
sources/platform/stm32f/Libraries/STM32F10x_StdPeriph_Driver/src/stm32f10x_adc.c:1194:12:ADC_GetFlagStatus	0	static
sources/platform/stm32f/Libraries/STM32F10x_StdPeriph_Driver/src/stm32f10x_adc.c:1227:6:ADC_ClearFlag	0	static
sources/platform/stm32f/Libraries/STM32F10x_StdPeriph_Driver/src/stm32f10x_adc.c:1246:10:ADC_GetITStatus	0	static
sources/platform/stm32f/Libraries/STM32F10x_StdPeriph_Driver/src/stm32f10x_adc.c:1282:6:ADC_ClearITPendingBit	0	static
