sources/platform/stm32f/Libraries/STM32F10x_StdPeriph_Driver/src/stm32f10x_rtc.c:89:6:RTC_ITConfig	0	static
sources/platform/stm32f/Libraries/STM32F10x_StdPeriph_Driver/src/stm32f10x_rtc.c:110:6:RTC_EnterConfigMode	0	static
sources/platform/stm32f/Libraries/STM32F10x_StdPeriph_Driver/src/stm32f10x_rtc.c:121:6:RTC_ExitConfigMode	0	static
sources/platform/stm32f/Libraries/STM32F10x_StdPeriph_Driver/src/stm32f10x_rtc.c:132:10:RTC_GetCounter	0	static
sources/platform/stm32f/Libraries/STM32F10x_StdPeriph_Driver/src/stm32f10x_rtc.c:157:6:RTC_SetCounter	8	static
sources/platform/stm32f/Libraries/STM32F10x_StdPeriph_Driver/src/stm32f10x_rtc.c:172:6:RTC_SetPrescaler	8	static
sources/platform/stm32f/Libraries/STM32F10x_StdPeriph_Driver/src/stm32f10x_rtc.c:190:6:RTC_SetAlarm	8	static
sources/platform/stm32f/Libraries/STM32F10x_StdPeriph_Driver/src/stm32f10x_rtc.c:205:10:RTC_GetDivider	0	static
sources/platform/stm32f/Libraries/STM32F10x_StdPeriph_Driver/src/stm32f10x_rtc.c:219:6:RTC_WaitForLastTask	0	static
sources/platform/stm32f/Libraries/STM32F10x_StdPeriph_Driver/src/stm32f10x_rtc.c:235:6:RTC_WaitForSynchro	0	static
sources/platform/stm32f/Libraries/STM32F10x_StdPeriph_Driver/src/stm32f10x_rtc.c:256:12:RTC_GetFlagStatus	0	static
sources/platform/stm32f/Libraries/STM32F10x_StdPeriph_Driver/src/stm32f10x_rtc.c:285:6:RTC_ClearFlag	0	static
sources/platform/stm32f/Libraries/STM32F10x_StdPeriph_Driver/src/stm32f10x_rtc.c:303:10:RTC_GetITStatus	0	static
sources/platform/stm32f/Libraries/STM32F10x_StdPeriph_Driver/src/stm32f10x_rtc.c:330:6:RTC_ClearITPendingBit	0	static
