sources/platform/stm32f/Libraries/STM32F10x_StdPeriph_Driver/src/stm32f10x_rcc.c:216:6:RCC_DeInit	0	static
sources/platform/stm32f/Libraries/STM32F10x_StdPeriph_Driver/src/stm32f10x_rcc.c:269:6:RCC_HSEConfig	0	static
sources/platform/stm32f/Libraries/STM32F10x_StdPeriph_Driver/src/stm32f10x_rcc.c:303:13:RCC_WaitForHSEStartUp	8	static
sources/platform/stm32f/Libraries/STM32F10x_StdPeriph_Driver/src/stm32f10x_rcc.c:333:6:RCC_AdjustHSICalibrationValue	0	static
sources/platform/stm32f/Libraries/STM32F10x_StdPeriph_Driver/src/stm32f10x_rcc.c:353:6:RCC_HSICmd	0	static
sources/platform/stm32f/Libraries/STM32F10x_StdPeriph_Driver/src/stm32f10x_rcc.c:377:6:RCC_PLLConfig	0	static
sources/platform/stm32f/Libraries/STM32F10x_StdPeriph_Driver/src/stm32f10x_rcc.c:400:6:RCC_PLLCmd	0	static
sources/platform/stm32f/Libraries/STM32F10x_StdPeriph_Driver/src/stm32f10x_rcc.c:563:6:RCC_SYSCLKConfig	0	static
sources/platform/stm32f/Libraries/STM32F10x_StdPeriph_Driver/src/stm32f10x_rcc.c:586:9:RCC_GetSYSCLKSource	0	static
sources/platform/stm32f/Libraries/STM32F10x_StdPeriph_Driver/src/stm32f10x_rcc.c:607:6:RCC_HCLKConfig	0	static
sources/platform/stm32f/Libraries/STM32F10x_StdPeriph_Driver/src/stm32f10x_rcc.c:633:6:RCC_PCLK1Config	0	static
sources/platform/stm32f/Libraries/STM32F10x_StdPeriph_Driver/src/stm32f10x_rcc.c:659:6:RCC_PCLK2Config	0	static
sources/platform/stm32f/Libraries/STM32F10x_StdPeriph_Driver/src/stm32f10x_rcc.c:699:6:RCC_ITConfig	0	static
sources/platform/stm32f/Libraries/STM32F10x_StdPeriph_Driver/src/stm32f10x_rcc.c:727:6:RCC_USBCLKConfig	0	static
sources/platform/stm32f/Libraries/STM32F10x_StdPeriph_Driver/src/stm32f10x_rcc.c:765:6:RCC_ADCCLKConfig	0	static
sources/platform/stm32f/Libraries/STM32F10x_StdPeriph_Driver/src/stm32f10x_rcc.c:829:6:RCC_LSEConfig	0	static
sources/platform/stm32f/Libraries/STM32F10x_StdPeriph_Driver/src/stm32f10x_rcc.c:862:6:RCC_LSICmd	0	static
sources/platform/stm32f/Libraries/STM32F10x_StdPeriph_Driver/src/stm32f10x_rcc.c:879:6:RCC_RTCCLKConfig	0	static
sources/platform/stm32f/Libraries/STM32F10x_StdPeriph_Driver/src/stm32f10x_rcc.c:893:6:RCC_RTCCLKCmd	0	static
sources/platform/stm32f/Libraries/STM32F10x_StdPeriph_Driver/src/stm32f10x_rcc.c:908:6:RCC_GetClocksFreq	8	static
sources/platform/stm32f/Libraries/STM32F10x_StdPeriph_Driver/src/stm32f10x_rcc.c:1064:6:RCC_AHBPeriphClockCmd	0	static
sources/platform/stm32f/Libraries/STM32F10x_StdPeriph_Driver/src/stm32f10x_rcc.c:1095:6:RCC_APB2PeriphClockCmd	0	static
sources/platform/stm32f/Libraries/STM32F10x_StdPeriph_Driver/src/stm32f10x_rcc.c:1126:6:RCC_APB1PeriphClockCmd	0	static
sources/platform/stm32f/Libraries/STM32F10x_StdPeriph_Driver/src/stm32f10x_rcc.c:1185:6:RCC_APB2PeriphResetCmd	0	static
sources/platform/stm32f/Libraries/STM32F10x_StdPeriph_Driver/src/stm32f10x_rcc.c:1216:6:RCC_APB1PeriphResetCmd	0	static
sources/platform/stm32f/Libraries/STM32F10x_StdPeriph_Driver/src/stm32f10x_rcc.c:1237:6:RCC_BackupResetCmd	0	static
sources/platform/stm32f/Libraries/STM32F10x_StdPeriph_Driver/src/stm32f10x_rcc.c:1250:6:RCC_ClockSecuritySystemCmd	0	static
sources/platform/stm32f/Libraries/STM32F10x_StdPeriph_Driver/src/stm32f10x_rcc.c:1282:6:RCC_MCOConfig	0	static
sources/platform/stm32f/Libraries/STM32F10x_StdPeriph_Driver/src/stm32f10x_rcc.c:1326:12:RCC_GetFlagStatus	0	static
sources/platform/stm32f/Libraries/STM32F10x_StdPeriph_Driver/src/stm32f10x_rcc.c:1371:6:RCC_ClearFlag	0	static
sources/platform/stm32f/Libraries/STM32F10x_StdPeriph_Driver/src/stm32f10x_rcc.c:1402:10:RCC_GetITStatus	0	static
sources/platform/stm32f/Libraries/STM32F10x_StdPeriph_Driver/src/stm32f10x_rcc.c:1448:6:RCC_ClearITPendingBit	0	static
