sources/platform/stm32f/Libraries/STM32F10x_StdPeriph_Driver/src/stm32f10x_gpio.c:107:6:GPIO_DeInit	8	static
sources/platform/stm32f/Libraries/STM32F10x_StdPeriph_Driver/src/stm32f10x_gpio.c:158:6:GPIO_AFIODeInit	8	static
sources/platform/stm32f/Libraries/STM32F10x_StdPeriph_Driver/src/stm32f10x_gpio.c:172:6:GPIO_Init	24	static
sources/platform/stm32f/Libraries/STM32F10x_StdPeriph_Driver/src/stm32f10x_gpio.c:265:6:GPIO_StructInit	0	static
sources/platform/stm32f/Libraries/STM32F10x_StdPeriph_Driver/src/stm32f10x_gpio.c:280:9:GPIO_ReadInputDataBit	0	static
sources/platform/stm32f/Libraries/STM32F10x_StdPeriph_Driver/src/stm32f10x_gpio.c:304:10:GPIO_ReadInputData	0	static
sources/platform/stm32f/Libraries/STM32F10x_StdPeriph_Driver/src/stm32f10x_gpio.c:319:9:GPIO_ReadOutputDataBit	0	static
sources/platform/stm32f/Libraries/STM32F10x_StdPeriph_Driver/src/stm32f10x_gpio.c:342:10:GPIO_ReadOutputData	0	static
sources/platform/stm32f/Libraries/STM32F10x_StdPeriph_Driver/src/stm32f10x_gpio.c:357:6:GPIO_SetBits	0	static
sources/platform/stm32f/Libraries/STM32F10x_StdPeriph_Driver/src/stm32f10x_gpio.c:373:6:GPIO_ResetBits	0	static
sources/platform/stm32f/Libraries/STM32F10x_StdPeriph_Driver/src/stm32f10x_gpio.c:393:6:GPIO_WriteBit	0	static
sources/platform/stm32f/Libraries/STM32F10x_StdPeriph_Driver/src/stm32f10x_gpio.c:416:6:GPIO_Write	0	static
sources/platform/stm32f/Libraries/STM32F10x_StdPeriph_Driver/src/stm32f10x_gpio.c:431:6:GPIO_PinLockConfig	0	static
sources/platform/stm32f/Libraries/STM32F10x_StdPeriph_Driver/src/stm32f10x_gpio.c:461:6:GPIO_EventOutputConfig	0	static
sources/platform/stm32f/Libraries/STM32F10x_StdPeriph_Driver/src/stm32f10x_gpio.c:482:6:GPIO_EventOutputCmd	0	static
sources/platform/stm32f/Libraries/STM32F10x_StdPeriph_Driver/src/stm32f10x_gpio.c:548:6:GPIO_PinRemapConfig	12	static
sources/platform/stm32f/Libraries/STM32F10x_StdPeriph_Driver/src/stm32f10x_gpio.c:608:6:GPIO_EXTILineConfig	8	static
sources/platform/stm32f/Libraries/STM32F10x_StdPeriph_Driver/src/stm32f10x_gpio.c:629:6:GPIO_ETH_MediaInterfaceConfig	0	static
