sources/platform/stm32f/Libraries/STM32F10x_StdPeriph_Driver/src/stm32f10x_i2c.c:161:6:I2C_DeInit	8	static
sources/platform/stm32f/Libraries/STM32F10x_StdPeriph_Driver/src/stm32f10x_i2c.c:190:6:I2C_Init	40	static
sources/platform/stm32f/Libraries/STM32F10x_StdPeriph_Driver/src/stm32f10x_i2c.c:297:6:I2C_StructInit	0	static
sources/platform/stm32f/Libraries/STM32F10x_StdPeriph_Driver/src/stm32f10x_i2c.c:321:6:I2C_Cmd	0	static
sources/platform/stm32f/Libraries/STM32F10x_StdPeriph_Driver/src/stm32f10x_i2c.c:345:6:I2C_DMACmd	0	static
sources/platform/stm32f/Libraries/STM32F10x_StdPeriph_Driver/src/stm32f10x_i2c.c:369:6:I2C_DMALastTransferCmd	0	static
sources/platform/stm32f/Libraries/STM32F10x_StdPeriph_Driver/src/stm32f10x_i2c.c:393:6:I2C_GenerateSTART	0	static
sources/platform/stm32f/Libraries/STM32F10x_StdPeriph_Driver/src/stm32f10x_i2c.c:417:6:I2C_GenerateSTOP	0	static
sources/platform/stm32f/Libraries/STM32F10x_StdPeriph_Driver/src/stm32f10x_i2c.c:441:6:I2C_AcknowledgeConfig	0	static
sources/platform/stm32f/Libraries/STM32F10x_StdPeriph_Driver/src/stm32f10x_i2c.c:464:6:I2C_OwnAddress2Config	0	static
sources/platform/stm32f/Libraries/STM32F10x_StdPeriph_Driver/src/stm32f10x_i2c.c:491:6:I2C_DualAddressCmd	0	static
sources/platform/stm32f/Libraries/STM32F10x_StdPeriph_Driver/src/stm32f10x_i2c.c:515:6:I2C_GeneralCallCmd	0	static
sources/platform/stm32f/Libraries/STM32F10x_StdPeriph_Driver/src/stm32f10x_i2c.c:544:6:I2C_ITConfig	0	static
sources/platform/stm32f/Libraries/STM32F10x_StdPeriph_Driver/src/stm32f10x_i2c.c:569:6:I2C_SendData	0	static
sources/platform/stm32f/Libraries/STM32F10x_StdPeriph_Driver/src/stm32f10x_i2c.c:582:9:I2C_ReceiveData	0	static
sources/platform/stm32f/Libraries/STM32F10x_StdPeriph_Driver/src/stm32f10x_i2c.c:600:6:I2C_Send7bitAddress	0	static
sources/platform/stm32f/Libraries/STM32F10x_StdPeriph_Driver/src/stm32f10x_i2c.c:635:10:I2C_ReadRegister	8	static
sources/platform/stm32f/Libraries/STM32F10x_StdPeriph_Driver/src/stm32f10x_i2c.c:657:6:I2C_SoftwareResetCmd	0	static
sources/platform/stm32f/Libraries/STM32F10x_StdPeriph_Driver/src/stm32f10x_i2c.c:695:6:I2C_NACKPositionConfig	0	static
sources/platform/stm32f/Libraries/STM32F10x_StdPeriph_Driver/src/stm32f10x_i2c.c:723:6:I2C_SMBusAlertConfig	0	static
sources/platform/stm32f/Libraries/STM32F10x_StdPeriph_Driver/src/stm32f10x_i2c.c:747:6:I2C_TransmitPEC	0	static
sources/platform/stm32f/Libraries/STM32F10x_StdPeriph_Driver/src/stm32f10x_i2c.c:778:6:I2C_PECPositionConfig	0	static
sources/platform/stm32f/Libraries/STM32F10x_StdPeriph_Driver/src/stm32f10x_i2c.c:802:6:I2C_CalculatePEC	0	static
sources/platform/stm32f/Libraries/STM32F10x_StdPeriph_Driver/src/stm32f10x_i2c.c:824:9:I2C_GetPEC	0	static
sources/platform/stm32f/Libraries/STM32F10x_StdPeriph_Driver/src/stm32f10x_i2c.c:839:6:I2C_ARPCmd	0	static
sources/platform/stm32f/Libraries/STM32F10x_StdPeriph_Driver/src/stm32f10x_i2c.c:863:6:I2C_StretchClockCmd	0	static
sources/platform/stm32f/Libraries/STM32F10x_StdPeriph_Driver/src/stm32f10x_i2c.c:889:6:I2C_FastModeDutyCycleConfig	0	static
sources/platform/stm32f/Libraries/STM32F10x_StdPeriph_Driver/src/stm32f10x_i2c.c:1029:13:I2C_CheckEvent	0	static
sources/platform/stm32f/Libraries/STM32F10x_StdPeriph_Driver/src/stm32f10x_i2c.c:1077:10:I2C_GetLastEvent	0	static
sources/platform/stm32f/Libraries/STM32F10x_StdPeriph_Driver/src/stm32f10x_i2c.c:1132:12:I2C_GetFlagStatus	8	static
sources/platform/stm32f/Libraries/STM32F10x_StdPeriph_Driver/src/stm32f10x_i2c.c:1211:6:I2C_ClearFlag	0	static
sources/platform/stm32f/Libraries/STM32F10x_StdPeriph_Driver/src/stm32f10x_i2c.c:1245:10:I2C_GetITStatus	0	static
sources/platform/stm32f/Libraries/STM32F10x_StdPeriph_Driver/src/stm32f10x_i2c.c:1306:6:I2C_ClearITPendingBit	0	static
