Archive member included to satisfy reference by file (symbol)

/home/rabbit/workspace/Tools/gcc-arm-none-eabi-10.3-2021.10/arm-none-eabi/lib/thumb/v7-m/nofp/libc.a(lib_a-atof.o)
                              build_ak-base-kit-stm32f103-application/sources/platform/stm32f/arduino/cores/WString.o (atof)
/home/rabbit/workspace/Tools/gcc-arm-none-eabi-10.3-2021.10/arm-none-eabi/lib/thumb/v7-m/nofp/libc.a(lib_a-atol.o)
                              build_ak-base-kit-stm32f103-application/sources/platform/stm32f/arduino/cores/WString.o (atol)
/home/rabbit/workspace/Tools/gcc-arm-none-eabi-10.3-2021.10/arm-none-eabi/lib/thumb/v7-m/nofp/libc.a(lib_a-isspace.o)
                              build_ak-base-kit-stm32f103-application/sources/platform/stm32f/arduino/cores/WString.o (isspace)
/home/rabbit/workspace/Tools/gcc-arm-none-eabi-10.3-2021.10/arm-none-eabi/lib/thumb/v7-m/nofp/libc.a(lib_a-malloc.o)
                              build_ak-base-kit-stm32f103-application/sources/ak/src/message.o (malloc)
/home/rabbit/workspace/Tools/gcc-arm-none-eabi-10.3-2021.10/arm-none-eabi/lib/thumb/v7-m/nofp/libc.a(lib_a-mallocr.o)
                              /home/rabbit/workspace/Tools/gcc-arm-none-eabi-10.3-2021.10/arm-none-eabi/lib/thumb/v7-m/nofp/libc.a(lib_a-malloc.o) (_malloc_r)
/home/rabbit/workspace/Tools/gcc-arm-none-eabi-10.3-2021.10/arm-none-eabi/lib/thumb/v7-m/nofp/libc.a(lib_a-memcmp.o)
                              build_ak-base-kit-stm32f103-application/sources/networks/mbmaster-v2.9.6/mbmaster/functions/mbmfuncfiles.o (memcmp)
/home/rabbit/workspace/Tools/gcc-arm-none-eabi-10.3-2021.10/arm-none-eabi/lib/thumb/v7-m/nofp/libc.a(lib_a-memcpy.o)
                              build_ak-base-kit-stm32f103-application/sources/ak/src/message.o (memcpy)
/home/rabbit/workspace/Tools/gcc-arm-none-eabi-10.3-2021.10/arm-none-eabi/lib/thumb/v7-m/nofp/libc.a(lib_a-memmove.o)
                              build_ak-base-kit-stm32f103-application/sources/platform/stm32f/arduino/cores/WString.o (memmove)
/home/rabbit/workspace/Tools/gcc-arm-none-eabi-10.3-2021.10/arm-none-eabi/lib/thumb/v7-m/nofp/libc.a(lib_a-memset.o)
                              build_ak-base-kit-stm32f103-application/sources/ak/src/task.o (memset)
/home/rabbit/workspace/Tools/gcc-arm-none-eabi-10.3-2021.10/arm-none-eabi/lib/thumb/v7-m/nofp/libc.a(lib_a-mlock.o)
                              /home/rabbit/workspace/Tools/gcc-arm-none-eabi-10.3-2021.10/arm-none-eabi/lib/thumb/v7-m/nofp/libc.a(lib_a-mallocr.o) (__malloc_lock)
/home/rabbit/workspace/Tools/gcc-arm-none-eabi-10.3-2021.10/arm-none-eabi/lib/thumb/v7-m/nofp/libc.a(lib_a-rand.o)
                              build_ak-base-kit-stm32f103-application/sources/platform/stm32f/arduino/cores/WMath.o (srand)
/home/rabbit/workspace/Tools/gcc-arm-none-eabi-10.3-2021.10/arm-none-eabi/lib/thumb/v7-m/nofp/libc.a(lib_a-realloc.o)
                              build_ak-base-kit-stm32f103-application/sources/platform/stm32f/arduino/cores/WString.o (realloc)
/home/rabbit/workspace/Tools/gcc-arm-none-eabi-10.3-2021.10/arm-none-eabi/lib/thumb/v7-m/nofp/libc.a(lib_a-reallocr.o)
                              /home/rabbit/workspace/Tools/gcc-arm-none-eabi-10.3-2021.10/arm-none-eabi/lib/thumb/v7-m/nofp/libc.a(lib_a-realloc.o) (_realloc_r)
/home/rabbit/workspace/Tools/gcc-arm-none-eabi-10.3-2021.10/arm-none-eabi/lib/thumb/v7-m/nofp/libc.a(lib_a-sbrkr.o)
                              /home/rabbit/workspace/Tools/gcc-arm-none-eabi-10.3-2021.10/arm-none-eabi/lib/thumb/v7-m/nofp/libc.a(lib_a-mallocr.o) (_sbrk_r)
/home/rabbit/workspace/Tools/gcc-arm-none-eabi-10.3-2021.10/arm-none-eabi/lib/thumb/v7-m/nofp/libc.a(lib_a-strcat.o)
                              build_ak-base-kit-stm32f103-application/sources/platform/stm32f/arduino/cores/stm32/dtostrf.o (strcat)
/home/rabbit/workspace/Tools/gcc-arm-none-eabi-10.3-2021.10/arm-none-eabi/lib/thumb/v7-m/nofp/libc.a(lib_a-strchr.o)
                              build_ak-base-kit-stm32f103-application/sources/platform/stm32f/arduino/cores/WString.o (strchr)
/home/rabbit/workspace/Tools/gcc-arm-none-eabi-10.3-2021.10/arm-none-eabi/lib/thumb/v7-m/nofp/libc.a(lib_a-strcmp.o)
                              build_ak-base-kit-stm32f103-application/sources/common/cmd_line.o (strcmp)
/home/rabbit/workspace/Tools/gcc-arm-none-eabi-10.3-2021.10/arm-none-eabi/lib/thumb/v7-m/nofp/libc.a(lib_a-strcpy.o)
                              build_ak-base-kit-stm32f103-application/sources/sys/sys_dbg.o (strcpy)
/home/rabbit/workspace/Tools/gcc-arm-none-eabi-10.3-2021.10/arm-none-eabi/lib/thumb/v7-m/nofp/libc.a(lib_a-strlen-stub.o)
                              build_ak-base-kit-stm32f103-application/sources/common/xprintf.o (strlen)
/home/rabbit/workspace/Tools/gcc-arm-none-eabi-10.3-2021.10/arm-none-eabi/lib/thumb/v7-m/nofp/libc.a(lib_a-strncmp.o)
                              build_ak-base-kit-stm32f103-application/sources/platform/stm32f/arduino/cores/WString.o (strncmp)
[...]
Memory Configuration

Name             Origin             Length             Attributes
BSF              0x0000000008002000 0x0000000000001000 xr
FLASH            0x0000000008003000 0x000000000000d000 xr
SRAM             0x0000000020000000 0x0000000000005000 xrw
*default*        0x0000000000000000 0xffffffffffffffff

Linker script and memory map

                0x0000000000000800                HEAP_SIZE = 0x800

.start_boot_share_data_flash
                0x0000000008002000        0x0
                0x0000000008002000                _start_boot_share_data_flash = .

.start_flash    0x0000000008003000        0x0
                0x0000000008003000                _start_flash = .

.isr_vector     0x0000000008003000       0xf4
                0x0000000008003000                _isr_vector = .
 *(.isr_vector)
 .isr_vector    0x0000000008003000       0xf4 build_ak-base-kit-stm32f103-application/sources/platform/stm32f/system.o
                0x0000000008003000                isr_vector
                0x00000000080030f4                . = ALIGN (0x4)

.text           0x00000000080030f8     0xbfe0
                0x00000000080030f8                . = ALIGN (0x4)
 *(.text)
 .text          0x00000000080030f8       0xec /home/rabbit/workspace/Tools/gcc-arm-none-eabi-10.3-2021.10/arm-none-eabi/lib/thumb/v7-m/nofp/libc.a(lib_a-memcpy.o)
                0x00000000080030f8                memcpy
 .text          0x00000000080031e4      0x1bc /home/rabbit/workspace/Tools/gcc-arm-none-eabi-10.3-2021.10/arm-none-eabi/lib/thumb/v7-m/nofp/libc.a(lib_a-strcmp.o)
                0x00000000080031e4                strcmp
 .text          0x00000000080033a0      0x378 /home/rabbit/workspace/Tools/gcc-arm-none-eabi-10.3-2021.10/lib/gcc/arm-none-eabi/10.3.1/thumb/v7-m/nofp/libgcc.a(_arm_addsubdf3.o)
                0x00000000080033a0                __aeabi_drsub
                0x00000000080033a8                __aeabi_dsub
                0x00000000080033a8                __subdf3
                0x00000000080033ac                __adddf3
                0x00000000080033ac                __aeabi_dadd
                0x0000000008003624                __aeabi_ui2d
                0x0000000008003624                __floatunsidf
                0x0000000008003644                __floatsidf
                0x0000000008003644                __aeabi_i2d
                0x0000000008003668                __extendsfdf2
                0x0000000008003668                __aeabi_f2d
                0x00000000080036ac                __aeabi_ul2d
                0x00000000080036ac                __floatundidf
                0x00000000080036bc                __floatdidf
                0x00000000080036bc                __aeabi_l2d
 .text          0x0000000008003718      0x424 /home/rabbit/workspace/Tools/gcc-arm-none-eabi-10.3-2021.10/lib/gcc/arm-none-eabi/10.3.1/thumb/v7-m/nofp/libgcc.a(_arm_muldivdf3.o)
                0x0000000008003718                __aeabi_dmul
                0x0000000008003718                __muldf3
                0x000000000800396c                __aeabi_ddiv
                0x000000000800396c                __divdf3
 .text          0x0000000008003b3c      0x110 /home/rabbit/workspace/Tools/gcc-arm-none-eabi-10.3-2021.10/lib/gcc/arm-none-eabi/10.3.1/thumb/v7-m/nofp/libgcc.a(_arm_cmpdf2.o)
                0x0000000008003b3c                __gtdf2
                0x0000000008003b3c                __gedf2
                0x0000000008003b44                __ltdf2
                0x0000000008003b44                __ledf2
                0x0000000008003b4c                __cmpdf2
                0x0000000008003b4c                __eqdf2
                0x0000000008003b4c                __nedf2
                0x0000000008003bc8                __aeabi_cdrcmple
                0x0000000008003bd8                __aeabi_cdcmple
                0x0000000008003bd8                __aeabi_cdcmpeq
                0x0000000008003be8                __aeabi_dcmpeq
                0x0000000008003bfc                __aeabi_dcmplt
                0x0000000008003c10                __aeabi_dcmple
                0x0000000008003c24                __aeabi_dcmpge
                0x0000000008003c38                __aeabi_dcmpgt
 .text          0x0000000008003c4c       0x2c /home/rabbit/workspace/Tools/gcc-arm-none-eabi-10.3-2021.10/lib/gcc/arm-none-eabi/10.3.1/thumb/v7-m/nofp/libgcc.a(_arm_unorddf2.o)
                0x0000000008003c4c                __aeabi_dcmpun
                0x0000000008003c4c                __unorddf2
 .text          0x0000000008003c78       0x50 /home/rabbit/workspace/Tools/gcc-arm-none-eabi-10.3-2021.10/lib/gcc/arm-none-eabi/10.3.1/thumb/v7-m/nofp/libgcc.a(_arm_fixdfsi.o)
                0x0000000008003c78                __fixdfsi
                0x0000000008003c78                __aeabi_d2iz
 .text          0x0000000008003cc8       0x40 /home/rabbit/workspace/Tools/gcc-arm-none-eabi-10.3-2021.10/lib/gcc/arm-none-eabi/10.3.1/thumb/v7-m/nofp/libgcc.a(_arm_fixunsdfsi.o)
                0x0000000008003cc8                __fixunsdfsi
                0x0000000008003cc8                __aeabi_d2uiz
 .text          0x0000000008003d08      0x21c /home/rabbit/workspace/Tools/gcc-arm-none-eabi-10.3-2021.10/lib/gcc/arm-none-eabi/10.3.1/thumb/v7-m/nofp/libgcc.a(_arm_addsubsf3.o)
                0x0000000008003d08                __aeabi_frsub
                0x0000000008003d10                __subsf3
                0x0000000008003d10                __aeabi_fsub
                0x0000000008003d14                __aeabi_fadd
                0x0000000008003d14                __addsf3
                0x0000000008003e74                __aeabi_ui2f
                0x0000000008003e74                __floatunsisf
                0x0000000008003e7c                __aeabi_i2f
                0x0000000008003e7c                __floatsisf
                0x0000000008003e98                __floatundisf
                0x0000000008003e98                __aeabi_ul2f
                0x0000000008003ea8                __floatdisf
                0x0000000008003ea8                __aeabi_l2f
 .text          0x0000000008003f24       0x30 /home/rabbit/workspace/Tools/gcc-arm-none-eabi-10.3-2021.10/lib/gcc/arm-none-eabi/10.3.1/thumb/v7-m/nofp/libgcc.a(_aeabi_uldivmod.o)
                0x0000000008003f24                __aeabi_uldivmod
 .text          0x0000000008003f54      0x2d4 /home/rabbit/workspace/Tools/gcc-arm-none-eabi-10.3-2021.10/lib/gcc/arm-none-eabi/10.3.1/thumb/v7-m/nofp/libgcc.a(_udivmoddi4.o)
                0x0000000008003f54                __udivmoddi4
 .text          0x0000000008004228        0x4 /home/rabbit/workspace/Tools/gcc-arm-none-eabi-10.3-2021.10/lib/gcc/arm-none-eabi/10.3.1/thumb/v7-m/nofp/libgcc.a(_dvmd_tls.o)
                0x0000000008004228                __aeabi_ldiv0
                0x0000000008004228                __aeabi_idiv0
 *(.text*)
 .text.fsm_dispatch
                0x000000000800422c        0x6 build_ak-base-kit-stm32f103-application/sources/ak/src/fsm.o
                0x000000000800422c                fsm_dispatch
 *fill*         0x0000000008004232        0x2 
 .text.task_create
                0x0000000008004234       0x3c build_ak-base-kit-stm32f103-application/sources/ak/src/task.o
                0x0000000008004234                task_create
 .text.task_polling_create
                0x0000000008004270       0x34 build_ak-base-kit-stm32f103-application/sources/ak/src/task.o
                0x0000000008004270                task_polling_create
 .text.task_post
                0x00000000080042a4       0x84 build_ak-base-kit-stm32f103-application/sources/ak/src/task.o
                0x00000000080042a4                task_post
 .text.task_remove_msg
                0x0000000008004328       0xb4 build_ak-base-kit-stm32f103-application/sources/ak/src/task.o
                0x0000000008004328                task_remove_msg
 .text.task_post_pure_msg
                0x00000000080043dc       0x18 build_ak-base-kit-stm32f103-application/sources/ak/src/task.o
                0x00000000080043dc                task_post_pure_msg
 .text.task_post_common_msg
                0x00000000080043f4       0x2a build_ak-base-kit-stm32f103-application/sources/ak/src/task.o
                0x00000000080043f4                task_post_common_msg
 *fill*         0x000000000800441e        0x2 
 .text.task_entry_interrupt
                0x0000000008004420       0x1c build_ak-base-kit-stm32f103-application/sources/ak/src/task.o
                0x0000000008004420                task_entry_interrupt
 .text.task_exit_interrupt
                0x000000000800443c       0x24 build_ak-base-kit-stm32f103-application/sources/ak/src/task.o
                0x000000000800443c                task_exit_interrupt
 .text.task_init
                0x0000000008004460       0x40 build_ak-base-kit-stm32f103-application/sources/ak/src/task.o
                0x0000000008004460                task_init
 .text.task_polling_run
                0x00000000080044a0       0x34 build_ak-base-kit-stm32f103-application/sources/ak/src/task.o
                0x00000000080044a0                task_polling_run
 .text.task_run
                0x00000000080044d4      0x138 build_ak-base-kit-stm32f103-application/sources/ak/src/task.o
                0x00000000080044d4                task_run
 .text.get_current_task_id
                0x000000000800460c        0xc build_ak-base-kit-stm32f103-application/sources/ak/src/task.o
                0x000000000800460c                get_current_task_id
 .text.get_current_task_info
                0x0000000008004618        0x8 build_ak-base-kit-stm32f103-application/sources/ak/src/task.o
                0x0000000008004618                get_current_task_info
 .text.get_current_active_object
                0x0000000008004620        0x8 build_ak-base-kit-stm32f103-application/sources/ak/src/task.o
                0x0000000008004620                get_current_active_object
 .text.timer_remove_msg
                0x0000000008004628       0x64 build_ak-base-kit-stm32f103-application/sources/ak/src/timer.o
 .text.task_timer_tick
                0x000000000800468c       0x7c build_ak-base-kit-stm32f103-application/sources/ak/src/timer.o
                0x000000000800468c                task_timer_tick
 .text.timer_init
                0x0000000008004708       0x6c build_ak-base-kit-stm32f103-application/sources/ak/src/timer.o
                0x0000000008004708                timer_init
 .text.timer_tick
                0x0000000008004774       0x38 build_ak-base-kit-stm32f103-application/sources/ak/src/timer.o
                0x0000000008004774                timer_tick
 .text.timer_set
                0x00000000080047ac       0x98 build_ak-base-kit-stm32f103-application/sources/ak/src/timer.o
                0x00000000080047ac                timer_set
 .text.timer_remove_attr
                0x0000000008004844       0x18 build_ak-base-kit-stm32f103-application/sources/ak/src/timer.o
                0x0000000008004844                timer_remove_attr
 .text.free_common_msg
                0x000000000800485c       0x28 build_ak-base-kit-stm32f103-application/sources/ak/src/message.o
 .text.free_pure_msg
                0x0000000008004884       0x28 build_ak-base-kit-stm32f103-application/sources/ak/src/message.o
 .text.free_dynamic_msg
                0x00000000080048ac       0x30 build_ak-base-kit-stm32f103-application/sources/ak/src/message.o
 .text.msg_init
                0x00000000080048dc      0x100 build_ak-base-kit-stm32f103-application/sources/ak/src/message.o
                0x00000000080048dc                msg_init
 .text.msg_force_free
                0x00000000080049dc       0x44 build_ak-base-kit-stm32f103-application/sources/ak/src/message.o
                0x00000000080049dc                msg_force_free
 .text.msg_inc_ref_count
                0x0000000008004a20       0x2c build_ak-base-kit-stm32f103-application/sources/ak/src/message.o
                0x0000000008004a20                msg_inc_ref_count
 .text.msg_dec_ref_count
                0x0000000008004a4c       0x28 build_ak-base-kit-stm32f103-application/sources/ak/src/message.o
                0x0000000008004a4c                msg_dec_ref_count
 .text.msg_free
                0x0000000008004a74       0x58 build_ak-base-kit-stm32f103-application/sources/ak/src/message.o
                0x0000000008004a74                msg_free
 .text.ak_malloc
                0x0000000008004acc       0x50 build_ak-base-kit-stm32f103-application/sources/ak/src/message.o
                0x0000000008004acc                ak_malloc
 .text.ak_free  0x0000000008004b1c        0x4 build_ak-base-kit-stm32f103-application/sources/ak/src/message.o
                0x0000000008004b1c                ak_free
 .text.get_pure_msg
                0x0000000008004b20       0x5c build_ak-base-kit-stm32f103-application/sources/ak/src/message.o
                0x0000000008004b20                get_pure_msg
 .text.get_common_msg
                0x0000000008004b7c       0x60 build_ak-base-kit-stm32f103-application/sources/ak/src/message.o
                0x0000000008004b7c                get_common_msg
 .text.set_data_common_msg
                0x0000000008004bdc       0x4c build_ak-base-kit-stm32f103-application/sources/ak/src/message.o
                0x0000000008004bdc                set_data_common_msg
 .text.get_data_common_msg
                0x0000000008004c28       0x28 build_ak-base-kit-stm32f103-application/sources/ak/src/message.o
                0x0000000008004c28                get_data_common_msg
 .text.get_data_len_common_msg
                0x0000000008004c50       0x28 build_ak-base-kit-stm32f103-application/sources/ak/src/message.o
                0x0000000008004c50                get_data_len_common_msg
 .text.get_dynamic_msg
                0x0000000008004c78       0x64 build_ak-base-kit-stm32f103-application/sources/ak/src/message.o
                0x0000000008004c78                get_dynamic_msg
 .text.set_data_dynamic_msg
                0x0000000008004cdc       0x3c build_ak-base-kit-stm32f103-application/sources/ak/src/message.o
                0x0000000008004cdc                set_data_dynamic_msg
 .text.get_data_dynamic_msg
                0x0000000008004d18       0x28 build_ak-base-kit-stm32f103-application/sources/ak/src/message.o
                0x0000000008004d18                get_data_dynamic_msg
 .text.get_data_len_dynamic_msg
                0x0000000008004d40        0x4 build_ak-base-kit-stm32f103-application/sources/ak/src/message.o
                0x0000000008004d40                get_data_len_dynamic_msg
 .text.log_queue_init
                0x0000000008004d44       0x2e build_ak-base-kit-stm32f103-application/sources/common/container/log_queue.o
                0x0000000008004d44                log_queue_init
 .text.log_queue_len
                0x0000000008004d72        0x4 build_ak-base-kit-stm32f103-application/sources/common/container/log_queue.o
                0x0000000008004d72                log_queue_len
 .text.log_queue_put
                0x0000000008004d76       0x5c build_ak-base-kit-stm32f103-application/sources/common/container/log_queue.o
                0x0000000008004d76                log_queue_put
 .text.log_queue_get
                0x0000000008004dd2       0x30 build_ak-base-kit-stm32f103-application/sources/common/container/log_queue.o
                0x0000000008004dd2                log_queue_get
 .text.fifo_init
                0x0000000008004e02       0x12 build_ak-base-kit-stm32f103-application/sources/common/container/fifo.o
                0x0000000008004e02                fifo_init
 .text.fifo_availble
                0x0000000008004e14        0x4 build_ak-base-kit-stm32f103-application/sources/common/container/fifo.o
                0x0000000008004e14                fifo_availble
 .text.fifo_is_full
                0x0000000008004e18        0xc build_ak-base-kit-stm32f103-application/sources/common/container/fifo.o
                0x0000000008004e18                fifo_is_full
 .text.fifo_put
                0x0000000008004e24       0x54 build_ak-base-kit-stm32f103-application/sources/common/container/fifo.o
                0x0000000008004e24                fifo_put
 .text.fifo_get
                0x0000000008004e78       0x50 build_ak-base-kit-stm32f103-application/sources/common/container/fifo.o
                0x0000000008004e78                fifo_get
 .text.ring_buffer_char_init
                0x0000000008004ec8        0xc build_ak-base-kit-stm32f103-application/sources/common/container/ring_buffer.o
                0x0000000008004ec8                ring_buffer_char_init
 .text.ring_buffer_char_is_empty
                0x0000000008004ed4        0xa build_ak-base-kit-stm32f103-application/sources/common/container/ring_buffer.o
                0x0000000008004ed4                ring_buffer_char_is_empty
 .text.ring_buffer_char_put
                0x0000000008004ede       0x36 build_ak-base-kit-stm32f103-application/sources/common/container/ring_buffer.o
                0x0000000008004ede                ring_buffer_char_put
 .text.ring_buffer_char_get
                0x0000000008004f14       0x26 build_ak-base-kit-stm32f103-application/sources/common/container/ring_buffer.o
                0x0000000008004f14                ring_buffer_char_get
 .text.mem_read
                0x0000000008004f3a       0x18 build_ak-base-kit-stm32f103-application/sources/common/utils.o
                0x0000000008004f3a                mem_read
 .text.mem_write
                0x0000000008004f52       0x1a build_ak-base-kit-stm32f103-application/sources/common/utils.o
                0x0000000008004f52                mem_write
 *fill*         0x0000000008004f6c        0x4 
 .text.ilog10   0x0000000008004f70       0xd8 build_ak-base-kit-stm32f103-application/sources/common/xprintf.o
 .text.i10x     0x0000000008005048       0x78 build_ak-base-kit-stm32f103-application/sources/common/xprintf.o
 .text.xfputc   0x00000000080050c0       0x30 build_ak-base-kit-stm32f103-application/sources/common/xprintf.o
                0x00000000080050c0                xfputc
 .text.xputc    0x00000000080050f0       0x10 build_ak-base-kit-stm32f103-application/sources/common/xprintf.o
                0x00000000080050f0                xputc
 .text.xvfprintf
                0x0000000008005100      0x580 build_ak-base-kit-stm32f103-application/sources/common/xprintf.o
 .text.xprintf  0x0000000008005680       0x24 build_ak-base-kit-stm32f103-application/sources/common/xprintf.o
                0x0000000008005680                xprintf
 .text.cmd_line_parser
                0x00000000080056a4       0x7c build_ak-base-kit-stm32f103-application/sources/common/cmd_line.o
                0x00000000080056a4                cmd_line_parser
 .text.button_init
                0x0000000008005720       0x34 build_ak-base-kit-stm32f103-application/sources/driver/button/button.o
                0x0000000008005720                button_init
 .text.button_enable
                0x0000000008005754        0x6 build_ak-base-kit-stm32f103-application/sources/driver/button/button.o
                0x0000000008005754                button_enable
 .text.button_timer_polling
                0x000000000800575a       0x76 build_ak-base-kit-stm32f103-application/sources/driver/button/button.o
                0x000000000800575a                button_timer_polling
 .text.flash_wait_to_idle
                0x00000000080057d0       0x32 build_ak-base-kit-stm32f103-application/sources/driver/flash/flash.o
 .text.flash_set_write_enable.constprop.0
                0x0000000008005802       0x14 build_ak-base-kit-stm32f103-application/sources/driver/flash/flash.o
 .text.flash_is_connected
                0x0000000008005816       0x22 build_ak-base-kit-stm32f103-application/sources/driver/flash/flash.o
                0x0000000008005816                flash_is_connected
 .text.flash_read
                0x0000000008005838       0x5e build_ak-base-kit-stm32f103-application/sources/driver/flash/flash.o
                0x0000000008005838                flash_read
 .text.flash_write
                0x0000000008005896       0x6c build_ak-base-kit-stm32f103-application/sources/driver/flash/flash.o
                0x0000000008005896                flash_write
 .text.flash_erase_sector
                0x0000000008005902       0x48 build_ak-base-kit-stm32f103-application/sources/driver/flash/flash.o
                0x0000000008005902                flash_erase_sector
 .text.flash_erase_block_64k
                0x000000000800594a       0x46 build_ak-base-kit-stm32f103-application/sources/driver/flash/flash.o
                0x000000000800594a                flash_erase_block_64k
 .text.led_init
                0x0000000008005990       0x20 build_ak-base-kit-stm32f103-application/sources/driver/led/led.o
                0x0000000008005990                led_init
 .text.led_on   0x00000000080059b0        0xc build_ak-base-kit-stm32f103-application/sources/driver/led/led.o
                0x00000000080059b0                led_on
 .text.led_off  0x00000000080059bc        0xc build_ak-base-kit-stm32f103-application/sources/driver/led/led.o
                0x00000000080059bc                led_off
 .text.led_toggle
                0x00000000080059c8       0x12 build_ak-base-kit-stm32f103-application/sources/driver/led/led.o
                0x00000000080059c8                led_toggle
 *fill*         0x00000000080059da        0x2 
 .text.BUZZER_Init
                0x00000000080059dc       0xd8 build_ak-base-kit-stm32f103-application/sources/driver/buzzer/buzzer.o
                0x00000000080059dc                BUZZER_Init
 .text.BUZZER_Disable
                0x0000000008005ab4       0x38 build_ak-base-kit-stm32f103-application/sources/driver/buzzer/buzzer.o
                0x0000000008005ab4                BUZZER_Disable
 .text.BUZZER_Enable
                0x0000000008005aec       0x84 build_ak-base-kit-stm32f103-application/sources/driver/buzzer/buzzer.o
                0x0000000008005aec                BUZZER_Enable
 .text.buzzer_irq
                0x0000000008005b70       0x9c build_ak-base-kit-stm32f103-application/sources/driver/buzzer/buzzer.o
                0x0000000008005b70                buzzer_irq
 .text.BUZZER_PlayTones
                0x0000000008005c0c       0x1c build_ak-base-kit-stm32f103-application/sources/driver/buzzer/buzzer.o
                0x0000000008005c0c                BUZZER_PlayTones
 .text.sys_dbg_cpu_dump
                0x0000000008005c28       0x4c build_ak-base-kit-stm32f103-application/sources/sys/sys_dbg.o
                0x0000000008005c28                sys_dbg_cpu_dump
 .text.sys_dbg_stack_space_dump
                0x0000000008005c74       0x30 build_ak-base-kit-stm32f103-application/sources/sys/sys_dbg.o
                0x0000000008005c74                sys_dbg_stack_space_dump
 .text.sys_dbg_fatal
                0x0000000008005ca4      0x3c0 build_ak-base-kit-stm32f103-application/sources/sys/sys_dbg.o
                0x0000000008005ca4                sys_dbg_fatal
 .text.sys_boot_init
                0x0000000008006064       0x14 build_ak-base-kit-stm32f103-application/sources/sys/sys_boot.o
                0x0000000008006064                sys_boot_init
 .text.sys_boot_get
                0x0000000008006078        0xc build_ak-base-kit-stm32f103-application/sources/sys/sys_boot.o
                0x0000000008006078                sys_boot_get
 .text.sys_boot_set
                0x0000000008006084       0x34 build_ak-base-kit-stm32f103-application/sources/sys/sys_boot.o
                0x0000000008006084                sys_boot_set
 .text.eMBExceptionToErrorcode
                0x00000000080060b8       0x14 build_ak-base-kit-stm32f103-application/sources/networks/mbmaster-v2.9.6/mbmaster/common/mbutils.o
                0x00000000080060b8                eMBExceptionToErrorcode
 .text.eMBMReleaseHdl
                0x00000000080060cc       0x58 build_ak-base-kit-stm32f103-application/sources/networks/mbmaster-v2.9.6/mbmaster/mbm.o
 .text.bMBMResponseTimeoutCB
                0x0000000008006124       0x18 build_ak-base-kit-stm32f103-application/sources/networks/mbmaster-v2.9.6/mbmaster/mbm.o
 .text.bMBMIsHdlValid
                0x000000000800613c       0x18 build_ak-base-kit-stm32f103-application/sources/networks/mbmaster-v2.9.6/mbmaster/mbm.o
                0x000000000800613c                bMBMIsHdlValid
 .text.vMBMMasterTransactionPolled
                0x0000000008006154       0xae build_ak-base-kit-stm32f103-application/sources/networks/mbmaster-v2.9.6/mbmaster/mbm.o
                0x0000000008006154                vMBMMasterTransactionPolled
 *fill*         0x0000000008006202        0x2 
 .text.eMBMSerialInitExt
                0x0000000008006204       0xcc build_ak-base-kit-stm32f103-application/sources/networks/mbmaster-v2.9.6/mbmaster/mbm.o
                0x0000000008006204                eMBMSerialInitExt
 .text.usMBMCRC16
                0x00000000080062d0       0x2c build_ak-base-kit-stm32f103-application/sources/networks/mbmaster-v2.9.6/mbmaster/rtu/mbmcrc.o
                0x00000000080062d0                usMBMCRC16
 .text.bMBMSerialWaitCB
                0x00000000080062fc       0x3c build_ak-base-kit-stm32f103-application/sources/networks/mbmaster-v2.9.6/mbmaster/rtu/mbmrtu.o
 .text.bMBMSerialRTUT35CB
                0x0000000008006338       0x58 build_ak-base-kit-stm32f103-application/sources/networks/mbmaster-v2.9.6/mbmaster/rtu/mbmrtu.o
 .text.bMBMSerialRTUTransmitterEmptyAPIV1CB
                0x0000000008006390       0xb2 build_ak-base-kit-stm32f103-application/sources/networks/mbmaster-v2.9.6/mbmaster/rtu/mbmrtu.o
 .text.bMBMSerialRTUReceiverAPIV1CB
                0x0000000008006442       0xa0 build_ak-base-kit-stm32f103-application/sources/networks/mbmaster-v2.9.6/mbmaster/rtu/mbmrtu.o
 *fill*         0x00000000080064e2        0x2 
 .text.eMBMSerialRTUFrameCloseInternal
                0x00000000080064e4       0x90 build_ak-base-kit-stm32f103-application/sources/networks/mbmaster-v2.9.6/mbmaster/rtu/mbmrtu.o
 .text.eMBMSerialRTUFrameReceive
                0x0000000008006574       0xc4 build_ak-base-kit-stm32f103-application/sources/networks/mbmaster-v2.9.6/mbmaster/rtu/mbmrtu.o
 .text.eMBMSerialRTUFrameSend
                0x0000000008006638       0xd0 build_ak-base-kit-stm32f103-application/sources/networks/mbmaster-v2.9.6/mbmaster/rtu/mbmrtu.o
 .text.eMBMSerialRTUFrameClose
                0x0000000008006708       0x18 build_ak-base-kit-stm32f103-application/sources/networks/mbmaster-v2.9.6/mbmaster/rtu/mbmrtu.o
 .text.eMBMSerialRTUInit
                0x0000000008006720      0x118 build_ak-base-kit-stm32f103-application/sources/networks/mbmaster-v2.9.6/mbmaster/rtu/mbmrtu.o
                0x0000000008006720                eMBMSerialRTUInit
 .text.vMBMReadHoldingRegistersPolled
                0x0000000008006838      0x136 build_ak-base-kit-stm32f103-application/sources/networks/mbmaster-v2.9.6/mbmaster/functions/mbmfuncholding.o
                0x0000000008006838                vMBMReadHoldingRegistersPolled
 .text.eMBMReadHoldingRegisters
                0x000000000800696e       0x42 build_ak-base-kit-stm32f103-application/sources/networks/mbmaster-v2.9.6/mbmaster/functions/mbmfuncholding.o
                0x000000000800696e                eMBMReadHoldingRegisters
 .text.vMBMReadCoilsPolled
                0x00000000080069b0      0x114 build_ak-base-kit-stm32f103-application/sources/networks/mbmaster-v2.9.6/mbmaster/functions/mbmfunccoils.o
                0x00000000080069b0                vMBMReadCoilsPolled
 .text.eMBMReadCoils
                0x0000000008006ac4       0x42 build_ak-base-kit-stm32f103-application/sources/networks/mbmaster-v2.9.6/mbmaster/functions/mbmfunccoils.o
                0x0000000008006ac4                eMBMReadCoils
 .text.vMBMReadDiscreteInputsPolled
                0x0000000008006b06      0x114 build_ak-base-kit-stm32f103-application/sources/networks/mbmaster-v2.9.6/mbmaster/functions/mbmfuncdisc.o
                0x0000000008006b06                vMBMReadDiscreteInputsPolled
 .text.eMBMReadDiscreteInputs
                0x0000000008006c1a       0x42 build_ak-base-kit-stm32f103-application/sources/networks/mbmaster-v2.9.6/mbmaster/functions/mbmfuncdisc.o
                0x0000000008006c1a                eMBMReadDiscreteInputs
 .text.vMBMReadInputRegistersPolled
                0x0000000008006c5c      0x120 build_ak-base-kit-stm32f103-application/sources/networks/mbmaster-v2.9.6/mbmaster/functions/mbmfuncinput.o
                0x0000000008006c5c                vMBMReadInputRegistersPolled
 .text.eMBMReadInputRegisters
                0x0000000008006d7c       0x42 build_ak-base-kit-stm32f103-application/sources/networks/mbmaster-v2.9.6/mbmaster/functions/mbmfuncinput.o
                0x0000000008006d7c                eMBMReadInputRegisters
 *fill*         0x0000000008006dbe        0x2 
 .text.eMBPEventCreate
                0x0000000008006dc0       0x5c build_ak-base-kit-stm32f103-application/sources/networks/mbmaster-v2.9.6/demo/STM32/Port/mbportevent.o
                0x0000000008006dc0                eMBPEventCreate
 .text.eMBPEventPost
                0x0000000008006e1c       0x2c build_ak-base-kit-stm32f103-application/sources/networks/mbmaster-v2.9.6/demo/STM32/Port/mbportevent.o
                0x0000000008006e1c                eMBPEventPost
 .text.bMBPEventGet
                0x0000000008006e48       0x34 build_ak-base-kit-stm32f103-application/sources/networks/mbmaster-v2.9.6/demo/STM32/Port/mbportevent.o
                0x0000000008006e48                bMBPEventGet
 .text.vMBPEventDelete
                0x0000000008006e7c       0x2c build_ak-base-kit-stm32f103-application/sources/networks/mbmaster-v2.9.6/demo/STM32/Port/mbportevent.o
                0x0000000008006e7c                vMBPEventDelete
 .text.vMBPAssert
                0x0000000008006ea8       0x1c build_ak-base-kit-stm32f103-application/sources/networks/mbmaster-v2.9.6/demo/STM32/Port/mbportother.o
                0x0000000008006ea8                vMBPAssert
 .text.vMBPEnterCritical
                0x0000000008006ec4        0x4 build_ak-base-kit-stm32f103-application/sources/networks/mbmaster-v2.9.6/demo/STM32/Port/mbportother.o
                0x0000000008006ec4                vMBPEnterCritical
 .text.vMBPExitCritical
                0x0000000008006ec8        0x4 build_ak-base-kit-stm32f103-application/sources/networks/mbmaster-v2.9.6/demo/STM32/Port/mbportother.o
                0x0000000008006ec8                vMBPExitCritical
 .text.eMBPSerialInit
                0x0000000008006ecc      0x144 build_ak-base-kit-stm32f103-application/sources/networks/mbmaster-v2.9.6/demo/STM32/Port/mbportserial.o
                0x0000000008006ecc                eMBPSerialInit
 .text.eMBPSerialClose
                0x0000000008007010       0x58 build_ak-base-kit-stm32f103-application/sources/networks/mbmaster-v2.9.6/demo/STM32/Port/mbportserial.o
                0x0000000008007010                eMBPSerialClose
 .text.eMBPSerialTxEnable
                0x0000000008007068       0x70 build_ak-base-kit-stm32f103-application/sources/networks/mbmaster-v2.9.6/demo/STM32/Port/mbportserial.o
                0x0000000008007068                eMBPSerialTxEnable
 .text.eMBPSerialRxEnable
                0x00000000080070d8       0x5c build_ak-base-kit-stm32f103-application/sources/networks/mbmaster-v2.9.6/demo/STM32/Port/mbportserial.o
                0x00000000080070d8                eMBPSerialRxEnable
 .text.vMBPUSART2ISR
                0x0000000008007134       0xec build_ak-base-kit-stm32f103-application/sources/networks/mbmaster-v2.9.6/demo/STM32/Port/mbportserial.o
                0x0000000008007134                vMBPUSART2ISR
 .text.eMBPTimerInit
                0x0000000008007220       0xf8 build_ak-base-kit-stm32f103-application/sources/networks/mbmaster-v2.9.6/demo/STM32/Port/mbporttimer.o
                0x0000000008007220                eMBPTimerInit
 .text.vMBPTimerClose
                0x0000000008007318       0x28 build_ak-base-kit-stm32f103-application/sources/networks/mbmaster-v2.9.6/demo/STM32/Port/mbporttimer.o
                0x0000000008007318                vMBPTimerClose
 .text.eMBPTimerStart
                0x0000000008007340       0x2c build_ak-base-kit-stm32f103-application/sources/networks/mbmaster-v2.9.6/demo/STM32/Port/mbporttimer.o
                0x0000000008007340                eMBPTimerStart
 .text.eMBPTimerStop
                0x000000000800736c       0x30 build_ak-base-kit-stm32f103-application/sources/networks/mbmaster-v2.9.6/demo/STM32/Port/mbporttimer.o
                0x000000000800736c                eMBPTimerStop
 .text.vMBPTimerISR
                0x000000000800739c       0x58 build_ak-base-kit-stm32f103-application/sources/networks/mbmaster-v2.9.6/demo/STM32/Port/mbporttimer.o
                0x000000000800739c                vMBPTimerISR
 .text.NVIC_PriorityGroupConfig
                0x00000000080073f4       0x14 build_ak-base-kit-stm32f103-application/./sources/platform/stm32f/Libraries/STM32F10x_StdPeriph_Driver/src/misc.o
                0x00000000080073f4                NVIC_PriorityGroupConfig
 .text.NVIC_Init
                0x0000000008007408       0x58 build_ak-base-kit-stm32f103-application/./sources/platform/stm32f/Libraries/STM32F10x_StdPeriph_Driver/src/misc.o
                0x0000000008007408                NVIC_Init
 .text.ADC_Init
                0x0000000008007460       0x48 build_ak-base-kit-stm32f103-application/./sources/platform/stm32f/Libraries/STM32F10x_StdPeriph_Driver/src/stm32f10x_adc.o
                0x0000000008007460                ADC_Init
 .text.ADC_Cmd  0x00000000080074a8       0x12 build_ak-base-kit-stm32f103-application/./sources/platform/stm32f/Libraries/STM32F10x_StdPeriph_Driver/src/stm32f10x_adc.o
                0x00000000080074a8                ADC_Cmd
 .text.ADC_SoftwareStartConvCmd
                0x00000000080074ba       0x12 build_ak-base-kit-stm32f103-application/./sources/platform/stm32f/Libraries/STM32F10x_StdPeriph_Driver/src/stm32f10x_adc.o
                0x00000000080074ba                ADC_SoftwareStartConvCmd
 .text.ADC_RegularChannelConfig
                0x00000000080074cc       0x8e build_ak-base-kit-stm32f103-application/./sources/platform/stm32f/Libraries/STM32F10x_StdPeriph_Driver/src/stm32f10x_adc.o
                0x00000000080074cc                ADC_RegularChannelConfig
 .text.ADC_GetConversionValue
                0x000000000800755a        0x6 build_ak-base-kit-stm32f103-application/./sources/platform/stm32f/Libraries/STM32F10x_StdPeriph_Driver/src/stm32f10x_adc.o
                0x000000000800755a                ADC_GetConversionValue
 .text.ADC_TempSensorVrefintCmd
                0x0000000008007560       0x18 build_ak-base-kit-stm32f103-application/./sources/platform/stm32f/Libraries/STM32F10x_StdPeriph_Driver/src/stm32f10x_adc.o
                0x0000000008007560                ADC_TempSensorVrefintCmd
 .text.ADC_GetFlagStatus
                0x0000000008007578        0xc build_ak-base-kit-stm32f103-application/./sources/platform/stm32f/Libraries/STM32F10x_StdPeriph_Driver/src/stm32f10x_adc.o
                0x0000000008007578                ADC_GetFlagStatus
 .text.EXTI_GetITStatus
                0x0000000008007584       0x1c build_ak-base-kit-stm32f103-application/./sources/platform/stm32f/Libraries/STM32F10x_StdPeriph_Driver/src/stm32f10x_exti.o
                0x0000000008007584                EXTI_GetITStatus
 .text.EXTI_ClearITPendingBit
                0x00000000080075a0        0xc build_ak-base-kit-stm32f103-application/./sources/platform/stm32f/Libraries/STM32F10x_StdPeriph_Driver/src/stm32f10x_exti.o
                0x00000000080075a0                EXTI_ClearITPendingBit
 .text.FLASH_Unlock
                0x00000000080075ac       0x18 build_ak-base-kit-stm32f103-application/./sources/platform/stm32f/Libraries/STM32F10x_StdPeriph_Driver/src/stm32f10x_flash.o
                0x00000000080075ac                FLASH_Unlock
 .text.FLASH_Lock
                0x00000000080075c4       0x10 build_ak-base-kit-stm32f103-application/./sources/platform/stm32f/Libraries/STM32F10x_StdPeriph_Driver/src/stm32f10x_flash.o
                0x00000000080075c4                FLASH_Lock
 .text.FLASH_ClearFlag
                0x00000000080075d4        0xc build_ak-base-kit-stm32f103-application/./sources/platform/stm32f/Libraries/STM32F10x_StdPeriph_Driver/src/stm32f10x_flash.o
                0x00000000080075d4                FLASH_ClearFlag
 .text.FLASH_GetBank1Status
                0x00000000080075e0       0x28 build_ak-base-kit-stm32f103-application/./sources/platform/stm32f/Libraries/STM32F10x_StdPeriph_Driver/src/stm32f10x_flash.o
                0x00000000080075e0                FLASH_GetBank1Status
 .text.FLASH_WaitForLastOperation
                0x0000000008007608       0x22 build_ak-base-kit-stm32f103-application/./sources/platform/stm32f/Libraries/STM32F10x_StdPeriph_Driver/src/stm32f10x_flash.o
                0x0000000008007608                FLASH_WaitForLastOperation
 *fill*         0x000000000800762a        0x2 
 .text.FLASH_ErasePage
                0x000000000800762c       0x40 build_ak-base-kit-stm32f103-application/./sources/platform/stm32f/Libraries/STM32F10x_StdPeriph_Driver/src/stm32f10x_flash.o
                0x000000000800762c                FLASH_ErasePage
 .text.FLASH_ProgramWord
                0x000000000800766c       0x58 build_ak-base-kit-stm32f103-application/./sources/platform/stm32f/Libraries/STM32F10x_StdPeriph_Driver/src/stm32f10x_flash.o
                0x000000000800766c                FLASH_ProgramWord
 .text.GPIO_Init
                0x00000000080076c4       0xa2 build_ak-base-kit-stm32f103-application/./sources/platform/stm32f/Libraries/STM32F10x_StdPeriph_Driver/src/stm32f10x_gpio.o
                0x00000000080076c4                GPIO_Init
 .text.GPIO_ReadInputDataBit
                0x0000000008007766        0xc build_ak-base-kit-stm32f103-application/./sources/platform/stm32f/Libraries/STM32F10x_StdPeriph_Driver/src/stm32f10x_gpio.o
                0x0000000008007766                GPIO_ReadInputDataBit
 .text.GPIO_SetBits
                0x0000000008007772        0x4 build_ak-base-kit-stm32f103-application/./sources/platform/stm32f/Libraries/STM32F10x_StdPeriph_Driver/src/stm32f10x_gpio.o
                0x0000000008007772                GPIO_SetBits
 .text.GPIO_ResetBits
                0x0000000008007776        0x4 build_ak-base-kit-stm32f103-application/./sources/platform/stm32f/Libraries/STM32F10x_StdPeriph_Driver/src/stm32f10x_gpio.o
                0x0000000008007776                GPIO_ResetBits
 .text.I2C_SendData
                0x000000000800777a        0x4 build_ak-base-kit-stm32f103-application/./sources/platform/stm32f/Libraries/STM32F10x_StdPeriph_Driver/src/stm32f10x_i2c.o
                0x000000000800777a                I2C_SendData
 .text.I2C_CheckEvent
                0x000000000800777e       0x18 build_ak-base-kit-stm32f103-application/./sources/platform/stm32f/Libraries/STM32F10x_StdPeriph_Driver/src/stm32f10x_i2c.o
                0x000000000800777e                I2C_CheckEvent
 *fill*         0x0000000008007796        0x2 
 .text.IWDG_WriteAccessCmd
                0x0000000008007798        0xc build_ak-base-kit-stm32f103-application/./sources/platform/stm32f/Libraries/STM32F10x_StdPeriph_Driver/src/stm32f10x_iwdg.o
                0x0000000008007798                IWDG_WriteAccessCmd
 .text.IWDG_SetPrescaler
                0x00000000080077a4        0xc build_ak-base-kit-stm32f103-application/./sources/platform/stm32f/Libraries/STM32F10x_StdPeriph_Driver/src/stm32f10x_iwdg.o
                0x00000000080077a4                IWDG_SetPrescaler
 .text.IWDG_SetReload
                0x00000000080077b0        0xc build_ak-base-kit-stm32f103-application/./sources/platform/stm32f/Libraries/STM32F10x_StdPeriph_Driver/src/stm32f10x_iwdg.o
                0x00000000080077b0                IWDG_SetReload
 .text.IWDG_ReloadCounter
                0x00000000080077bc       0x10 build_ak-base-kit-stm32f103-application/./sources/platform/stm32f/Libraries/STM32F10x_StdPeriph_Driver/src/stm32f10x_iwdg.o
                0x00000000080077bc                IWDG_ReloadCounter
 .text.IWDG_Enable
                0x00000000080077cc       0x10 build_ak-base-kit-stm32f103-application/./sources/platform/stm32f/Libraries/STM32F10x_StdPeriph_Driver/src/stm32f10x_iwdg.o
                0x00000000080077cc                IWDG_Enable
 .text.PWR_EnterSTOPMode
                0x00000000080077dc       0x34 build_ak-base-kit-stm32f103-application/./sources/platform/stm32f/Libraries/STM32F10x_StdPeriph_Driver/src/stm32f10x_pwr.o
                0x00000000080077dc                PWR_EnterSTOPMode
 .text.RCC_HSICmd
                0x0000000008007810        0xc build_ak-base-kit-stm32f103-application/./sources/platform/stm32f/Libraries/STM32F10x_StdPeriph_Driver/src/stm32f10x_rcc.o
                0x0000000008007810                RCC_HSICmd
 .text.RCC_GetClocksFreq
                0x000000000800781c       0x84 build_ak-base-kit-stm32f103-application/./sources/platform/stm32f/Libraries/STM32F10x_StdPeriph_Driver/src/stm32f10x_rcc.o
                0x000000000800781c                RCC_GetClocksFreq
 .text.RCC_AHBPeriphClockCmd
                0x00000000080078a0       0x18 build_ak-base-kit-stm32f103-application/./sources/platform/stm32f/Libraries/STM32F10x_StdPeriph_Driver/src/stm32f10x_rcc.o
                0x00000000080078a0                RCC_AHBPeriphClockCmd
 .text.RCC_APB2PeriphClockCmd
                0x00000000080078b8       0x18 build_ak-base-kit-stm32f103-application/./sources/platform/stm32f/Libraries/STM32F10x_StdPeriph_Driver/src/stm32f10x_rcc.o
                0x00000000080078b8                RCC_APB2PeriphClockCmd
 .text.RCC_APB1PeriphClockCmd
                0x00000000080078d0       0x18 build_ak-base-kit-stm32f103-application/./sources/platform/stm32f/Libraries/STM32F10x_StdPeriph_Driver/src/stm32f10x_rcc.o
                0x00000000080078d0                RCC_APB1PeriphClockCmd
 .text.RCC_APB2PeriphResetCmd
                0x00000000080078e8       0x18 build_ak-base-kit-stm32f103-application/./sources/platform/stm32f/Libraries/STM32F10x_StdPeriph_Driver/src/stm32f10x_rcc.o
                0x00000000080078e8                RCC_APB2PeriphResetCmd
 .text.RCC_APB1PeriphResetCmd
                0x0000000008007900       0x18 build_ak-base-kit-stm32f103-application/./sources/platform/stm32f/Libraries/STM32F10x_StdPeriph_Driver/src/stm32f10x_rcc.o
                0x0000000008007900                RCC_APB1PeriphResetCmd
 .text.RCC_GetFlagStatus
                0x0000000008007918       0x28 build_ak-base-kit-stm32f103-application/./sources/platform/stm32f/Libraries/STM32F10x_StdPeriph_Driver/src/stm32f10x_rcc.o
                0x0000000008007918                RCC_GetFlagStatus
 .text.SPI_I2S_SendData
                0x0000000008007940        0x4 build_ak-base-kit-stm32f103-application/./sources/platform/stm32f/Libraries/STM32F10x_StdPeriph_Driver/src/stm32f10x_spi.o
                0x0000000008007940                SPI_I2S_SendData
 .text.SPI_I2S_ReceiveData
                0x0000000008007944        0x6 build_ak-base-kit-stm32f103-application/./sources/platform/stm32f/Libraries/STM32F10x_StdPeriph_Driver/src/stm32f10x_spi.o
                0x0000000008007944                SPI_I2S_ReceiveData
 .text.SPI_I2S_GetFlagStatus
                0x000000000800794a        0xc build_ak-base-kit-stm32f103-application/./sources/platform/stm32f/Libraries/STM32F10x_StdPeriph_Driver/src/stm32f10x_spi.o
                0x000000000800794a                SPI_I2S_GetFlagStatus
 *fill*         0x0000000008007956        0x2 
 .text.TIM_DeInit
                0x0000000008007958      0x1c8 build_ak-base-kit-stm32f103-application/./sources/platform/stm32f/Libraries/STM32F10x_StdPeriph_Driver/src/stm32f10x_tim.o
                0x0000000008007958                TIM_DeInit
 .text.TIM_TimeBaseInit
                0x0000000008007b20       0x94 build_ak-base-kit-stm32f103-application/./sources/platform/stm32f/Libraries/STM32F10x_StdPeriph_Driver/src/stm32f10x_tim.o
                0x0000000008007b20                TIM_TimeBaseInit
 .text.TIM_OC3Init
                0x0000000008007bb4       0x7c build_ak-base-kit-stm32f103-application/./sources/platform/stm32f/Libraries/STM32F10x_StdPeriph_Driver/src/stm32f10x_tim.o
                0x0000000008007bb4                TIM_OC3Init
 .text.TIM_Cmd  0x0000000008007c30       0x18 build_ak-base-kit-stm32f103-application/./sources/platform/stm32f/Libraries/STM32F10x_StdPeriph_Driver/src/stm32f10x_tim.o
                0x0000000008007c30                TIM_Cmd
 .text.TIM_ITConfig
                0x0000000008007c48       0x12 build_ak-base-kit-stm32f103-application/./sources/platform/stm32f/Libraries/STM32F10x_StdPeriph_Driver/src/stm32f10x_tim.o
                0x0000000008007c48                TIM_ITConfig
 .text.TIM_ARRPreloadConfig
                0x0000000008007c5a       0x18 build_ak-base-kit-stm32f103-application/./sources/platform/stm32f/Libraries/STM32F10x_StdPeriph_Driver/src/stm32f10x_tim.o
                0x0000000008007c5a                TIM_ARRPreloadConfig
 .text.TIM_OC3PreloadConfig
                0x0000000008007c72       0x10 build_ak-base-kit-stm32f103-application/./sources/platform/stm32f/Libraries/STM32F10x_StdPeriph_Driver/src/stm32f10x_tim.o
                0x0000000008007c72                TIM_OC3PreloadConfig
 .text.TIM_GetITStatus
                0x0000000008007c82       0x16 build_ak-base-kit-stm32f103-application/./sources/platform/stm32f/Libraries/STM32F10x_StdPeriph_Driver/src/stm32f10x_tim.o
                0x0000000008007c82                TIM_GetITStatus
 .text.TIM_ClearITPendingBit
                0x0000000008007c98        0x8 build_ak-base-kit-stm32f103-application/./sources/platform/stm32f/Libraries/STM32F10x_StdPeriph_Driver/src/stm32f10x_tim.o
                0x0000000008007c98                TIM_ClearITPendingBit
 .text.USART_DeInit
                0x0000000008007ca0       0x9c build_ak-base-kit-stm32f103-application/./sources/platform/stm32f/Libraries/STM32F10x_StdPeriph_Driver/src/stm32f10x_usart.o
                0x0000000008007ca0                USART_DeInit
 .text.USART_Init
                0x0000000008007d3c       0xa4 build_ak-base-kit-stm32f103-application/./sources/platform/stm32f/Libraries/STM32F10x_StdPeriph_Driver/src/stm32f10x_usart.o
                0x0000000008007d3c                USART_Init
 .text.USART_ClockInit
                0x0000000008007de0       0x20 build_ak-base-kit-stm32f103-application/./sources/platform/stm32f/Libraries/STM32F10x_StdPeriph_Driver/src/stm32f10x_usart.o
                0x0000000008007de0                USART_ClockInit
 .text.USART_Cmd
                0x0000000008007e00       0x18 build_ak-base-kit-stm32f103-application/./sources/platform/stm32f/Libraries/STM32F10x_StdPeriph_Driver/src/stm32f10x_usart.o
                0x0000000008007e00                USART_Cmd
 .text.USART_ITConfig
                0x0000000008007e18       0x30 build_ak-base-kit-stm32f103-application/./sources/platform/stm32f/Libraries/STM32F10x_StdPeriph_Driver/src/stm32f10x_usart.o
                0x0000000008007e18                USART_ITConfig
 .text.USART_SendData
                0x0000000008007e48        0x8 build_ak-base-kit-stm32f103-application/./sources/platform/stm32f/Libraries/STM32F10x_StdPeriph_Driver/src/stm32f10x_usart.o
                0x0000000008007e48                USART_SendData
 .text.USART_ReceiveData
                0x0000000008007e50        0x8 build_ak-base-kit-stm32f103-application/./sources/platform/stm32f/Libraries/STM32F10x_StdPeriph_Driver/src/stm32f10x_usart.o
                0x0000000008007e50                USART_ReceiveData
 .text.USART_GetFlagStatus
                0x0000000008007e58        0xc build_ak-base-kit-stm32f103-application/./sources/platform/stm32f/Libraries/STM32F10x_StdPeriph_Driver/src/stm32f10x_usart.o
                0x0000000008007e58                USART_GetFlagStatus
 .text.USART_GetITStatus
                0x0000000008007e64       0x3e build_ak-base-kit-stm32f103-application/./sources/platform/stm32f/Libraries/STM32F10x_StdPeriph_Driver/src/stm32f10x_usart.o
                0x0000000008007e64                USART_GetITStatus
 .text.USART_ClearITPendingBit
                0x0000000008007ea2        0xe build_ak-base-kit-stm32f103-application/./sources/platform/stm32f/Libraries/STM32F10x_StdPeriph_Driver/src/stm32f10x_usart.o
                0x0000000008007ea2                USART_ClearITPendingBit
 .text.disable_interrupts
                0x0000000008007eb0       0x10 build_ak-base-kit-stm32f103-application/sources/platform/stm32f/platform.o
                0x0000000008007eb0                disable_interrupts
 .text.entry_critical
                0x0000000008007ec0       0x14 build_ak-base-kit-stm32f103-application/sources/platform/stm32f/platform.o
                0x0000000008007ec0                entry_critical
 .text.exit_critical
                0x0000000008007ed4       0x30 build_ak-base-kit-stm32f103-application/sources/platform/stm32f/platform.o
                0x0000000008007ed4                exit_critical
 .text.default_handler
                0x0000000008007f04       0x1c build_ak-base-kit-stm32f103-application/sources/platform/stm32f/system.o
                0x0000000008007f04                svc_handler
                0x0000000008007f04                default_handler
                0x0000000008007f04                dg_monitor_handler
                0x0000000008007f04                pendsv_handler
 .text.nmi_handler
                0x0000000008007f20       0x1c build_ak-base-kit-stm32f103-application/sources/platform/stm32f/system.o
                0x0000000008007f20                nmi_handler
 .text.hard_fault_handler
                0x0000000008007f3c       0x1c build_ak-base-kit-stm32f103-application/sources/platform/stm32f/system.o
                0x0000000008007f3c                hard_fault_handler
 .text.mem_manage_handler
                0x0000000008007f58       0x1c build_ak-base-kit-stm32f103-application/sources/platform/stm32f/system.o
                0x0000000008007f58                mem_manage_handler
 .text.bus_fault_handler
                0x0000000008007f74       0x1c build_ak-base-kit-stm32f103-application/sources/platform/stm32f/system.o
                0x0000000008007f74                bus_fault_handler
 .text.usage_fault_handler
                0x0000000008007f90       0x1c build_ak-base-kit-stm32f103-application/sources/platform/stm32f/system.o
                0x0000000008007f90                usage_fault_handler
 .text.systick_handler
                0x0000000008007fac       0x40 build_ak-base-kit-stm32f103-application/sources/platform/stm32f/system.o
                0x0000000008007fac                systick_handler
 .text.uart1_irq
                0x0000000008007fec       0x64 build_ak-base-kit-stm32f103-application/sources/platform/stm32f/system.o
                0x0000000008007fec                uart1_irq
 .text.exti_line1_irq
                0x0000000008008050       0x1c build_ak-base-kit-stm32f103-application/sources/platform/stm32f/system.o
                0x0000000008008050                exti_line1_irq
 .text.timer7_irq
                0x000000000800806c       0x24 build_ak-base-kit-stm32f103-application/sources/platform/stm32f/system.o
                0x000000000800806c                timer7_irq
 .text.sys_ctrl_delay
                0x0000000008008090        0xc build_ak-base-kit-stm32f103-application/sources/platform/stm32f/system.o
                0x0000000008008090                sys_ctrl_delay
 .text.sys_ctrl_millis
                0x000000000800809c       0x1c build_ak-base-kit-stm32f103-application/sources/platform/stm32f/system.o
                0x000000000800809c                sys_ctrl_millis
 .text._init    0x00000000080080b8        0x2 build_ak-base-kit-stm32f103-application/sources/platform/stm32f/system.o
                0x00000000080080b8                _init
 .text._fini    0x00000000080080ba        0x2 build_ak-base-kit-stm32f103-application/sources/platform/stm32f/system.o
                0x00000000080080ba                _fini
 .text.sys_stack_count_init
                0x00000000080080bc       0x3c build_ak-base-kit-stm32f103-application/sources/platform/stm32f/system.o
                0x00000000080080bc                sys_stack_count_init
 .text.reset_handler
                0x00000000080080f8       0xc8 build_ak-base-kit-stm32f103-application/sources/platform/stm32f/system.o
                0x00000000080080f8                reset_handler
 .text.sys_stack_usage
                0x00000000080081c0       0x20 build_ak-base-kit-stm32f103-application/sources/platform/stm32f/system.o
                0x00000000080081c0                sys_stack_usage
 .text.sys_stack_get_size
                0x00000000080081e0        0xc build_ak-base-kit-stm32f103-application/sources/platform/stm32f/system.o
                0x00000000080081e0                sys_stack_get_size
 .text.sys_ctrl_shell_put_char_block
                0x00000000080081ec       0x2c build_ak-base-kit-stm32f103-application/sources/platform/stm32f/sys_cfg.o
                0x00000000080081ec                sys_ctrl_shell_put_char_block
 .text.sys_cfg_clock
                0x0000000008008218       0x22 build_ak-base-kit-stm32f103-application/sources/platform/stm32f/sys_cfg.o
                0x0000000008008218                sys_cfg_clock
 *fill*         0x000000000800823a        0x2 
 .text.sys_cfg_tick
                0x000000000800823c       0x50 build_ak-base-kit-stm32f103-application/sources/platform/stm32f/sys_cfg.o
                0x000000000800823c                sys_cfg_tick
 .text.sys_cfg_svc
                0x000000000800828c       0x34 build_ak-base-kit-stm32f103-application/sources/platform/stm32f/sys_cfg.o
                0x000000000800828c                sys_cfg_svc
 .text.sys_cfg_pendsv
                0x00000000080082c0       0x34 build_ak-base-kit-stm32f103-application/sources/platform/stm32f/sys_cfg.o
                0x00000000080082c0                sys_cfg_pendsv
 .text.sys_cfg_update_info
                0x00000000080082f4      0x108 build_ak-base-kit-stm32f103-application/sources/platform/stm32f/sys_cfg.o
                0x00000000080082f4                sys_cfg_update_info
 .text.sys_ctrl_shell_sw_to_block
                0x00000000080083fc       0x38 build_ak-base-kit-stm32f103-application/sources/platform/stm32f/sys_cfg.o
                0x00000000080083fc                sys_ctrl_shell_sw_to_block
 .text.sys_cfg_console
                0x0000000008008434       0xc8 build_ak-base-kit-stm32f103-application/sources/platform/stm32f/sys_cfg.o
                0x0000000008008434                sys_cfg_console
 .text.sys_ctrl_shell_get_char
                0x00000000080084fc       0x34 build_ak-base-kit-stm32f103-application/sources/platform/stm32f/sys_cfg.o
                0x00000000080084fc                sys_ctrl_shell_get_char
 .text.sys_ctrl_reset
                0x0000000008008530       0x24 build_ak-base-kit-stm32f103-application/sources/platform/stm32f/sys_cfg.o
                0x0000000008008530                sys_ctrl_reset
 .text.sys_ctrl_delay_us
                0x0000000008008554       0x58 build_ak-base-kit-stm32f103-application/sources/platform/stm32f/sys_cfg.o
                0x0000000008008554                sys_ctrl_delay_us
 .text.sys_ctrl_delay_ms
                0x00000000080085ac       0x1e build_ak-base-kit-stm32f103-application/sources/platform/stm32f/sys_cfg.o
                0x00000000080085ac                sys_ctrl_delay_ms
 *fill*         0x00000000080085ca        0x2 
 .text.sys_ctr_stop_mcu
                0x00000000080085cc       0x78 build_ak-base-kit-stm32f103-application/sources/platform/stm32f/sys_cfg.o
                0x00000000080085cc                sys_ctr_stop_mcu
 .text.sys_ctrl_independent_watchdog_init
                0x0000000008008644       0x24 build_ak-base-kit-stm32f103-application/sources/platform/stm32f/sys_cfg.o
                0x0000000008008644                sys_ctrl_independent_watchdog_init
 .text.sys_ctrl_independent_watchdog_reset
                0x0000000008008668       0x12 build_ak-base-kit-stm32f103-application/sources/platform/stm32f/sys_cfg.o
                0x0000000008008668                sys_ctrl_independent_watchdog_reset
 *fill*         0x000000000800867a        0x2 
 .text.sys_ctrl_soft_watchdog_init
                0x000000000800867c       0x70 build_ak-base-kit-stm32f103-application/sources/platform/stm32f/sys_cfg.o
                0x000000000800867c                sys_ctrl_soft_watchdog_init
 .text.sys_ctrl_soft_watchdog_reset
                0x00000000080086ec       0x18 build_ak-base-kit-stm32f103-application/sources/platform/stm32f/sys_cfg.o
                0x00000000080086ec                sys_ctrl_soft_watchdog_reset
 .text.sys_ctrl_soft_watchdog_increase_counter
                0x0000000008008704       0x40 build_ak-base-kit-stm32f103-application/sources/platform/stm32f/sys_cfg.o
                0x0000000008008704                sys_ctrl_soft_watchdog_increase_counter
 .text.sys_ctrl_get_firmware_info
                0x0000000008008744       0x40 build_ak-base-kit-stm32f103-application/sources/platform/stm32f/sys_cfg.o
                0x0000000008008744                sys_ctrl_get_firmware_info
 .text.task_irq_io_entry_trigger
                0x0000000008008784        0x2 build_ak-base-kit-stm32f103-application/sources/platform/stm32f/sys_cfg.o
                0x0000000008008784                task_irq_io_entry_trigger
 .text.task_irq_io_exit_trigger
                0x0000000008008786        0x2 build_ak-base-kit-stm32f103-application/sources/platform/stm32f/sys_cfg.o
                0x0000000008008786                task_irq_io_exit_trigger
 .text.io_button_mode_init
                0x0000000008008788       0x28 build_ak-base-kit-stm32f103-application/sources/platform/stm32f/io_cfg.o
                0x0000000008008788                io_button_mode_init
 .text.io_button_up_init
                0x00000000080087b0       0x2c build_ak-base-kit-stm32f103-application/sources/platform/stm32f/io_cfg.o
                0x00000000080087b0                io_button_up_init
 .text.io_button_down_init
                0x00000000080087dc       0x28 build_ak-base-kit-stm32f103-application/sources/platform/stm32f/io_cfg.o
                0x00000000080087dc                io_button_down_init
 .text.io_button_mode_read
                0x0000000008008804        0xc build_ak-base-kit-stm32f103-application/sources/platform/stm32f/io_cfg.o
                0x0000000008008804                io_button_mode_read
 .text.io_button_up_read
                0x0000000008008810       0x10 build_ak-base-kit-stm32f103-application/sources/platform/stm32f/io_cfg.o
                0x0000000008008810                io_button_up_read
 .text.io_button_down_read
                0x0000000008008820        0xc build_ak-base-kit-stm32f103-application/sources/platform/stm32f/io_cfg.o
                0x0000000008008820                io_button_down_read
 .text.led_life_init
                0x000000000800882c       0x2c build_ak-base-kit-stm32f103-application/sources/platform/stm32f/io_cfg.o
                0x000000000800882c                led_life_init
 .text.led_life_on
                0x0000000008008858       0x10 build_ak-base-kit-stm32f103-application/sources/platform/stm32f/io_cfg.o
                0x0000000008008858                led_life_on
 .text.led_life_off
                0x0000000008008868       0x10 build_ak-base-kit-stm32f103-application/sources/platform/stm32f/io_cfg.o
                0x0000000008008868                led_life_off
 .text.flash_io_ctrl_init
                0x0000000008008878       0x2c build_ak-base-kit-stm32f103-application/sources/platform/stm32f/io_cfg.o
                0x0000000008008878                flash_io_ctrl_init
 .text.flash_cs_low
                0x00000000080088a4       0x10 build_ak-base-kit-stm32f103-application/sources/platform/stm32f/io_cfg.o
                0x00000000080088a4                flash_cs_low
 .text.flash_cs_high
                0x00000000080088b4       0x10 build_ak-base-kit-stm32f103-application/sources/platform/stm32f/io_cfg.o
                0x00000000080088b4                flash_cs_high
 .text.flash_transfer
                0x00000000080088c4       0x98 build_ak-base-kit-stm32f103-application/sources/platform/stm32f/io_cfg.o
                0x00000000080088c4                flash_transfer
 .text.io_cfg_adc1
                0x000000000800895c       0x4c build_ak-base-kit-stm32f103-application/sources/platform/stm32f/io_cfg.o
                0x000000000800895c                io_cfg_adc1
 .text.adc_bat_io_cfg
                0x00000000080089a8       0x28 build_ak-base-kit-stm32f103-application/sources/platform/stm32f/io_cfg.o
                0x00000000080089a8                adc_bat_io_cfg
 .text.sys_ctr_get_vbat_voltage
                0x00000000080089d0       0x70 build_ak-base-kit-stm32f103-application/sources/platform/stm32f/io_cfg.o
                0x00000000080089d0                sys_ctr_get_vbat_voltage
 .text.sys_ctr_get_mcu_temperature
                0x0000000008008a40       0x6c build_ak-base-kit-stm32f103-application/sources/platform/stm32f/io_cfg.o
                0x0000000008008a40                sys_ctr_get_mcu_temperature
 .text.oled_clk_input_mode
                0x0000000008008aac       0x2c build_ak-base-kit-stm32f103-application/sources/platform/stm32f/io_cfg.o
                0x0000000008008aac                oled_clk_input_mode
 .text.oled_clk_output_mode
                0x0000000008008ad8       0x2c build_ak-base-kit-stm32f103-application/sources/platform/stm32f/io_cfg.o
                0x0000000008008ad8                oled_clk_output_mode
 .text.oled_clk_digital_write_low
                0x0000000008008b04       0x10 build_ak-base-kit-stm32f103-application/sources/platform/stm32f/io_cfg.o
                0x0000000008008b04                oled_clk_digital_write_low
 .text.oled_clk_digital_write_high
                0x0000000008008b14       0x10 build_ak-base-kit-stm32f103-application/sources/platform/stm32f/io_cfg.o
                0x0000000008008b14                oled_clk_digital_write_high
 .text.oled_data_input_mode
                0x0000000008008b24       0x2c build_ak-base-kit-stm32f103-application/sources/platform/stm32f/io_cfg.o
                0x0000000008008b24                oled_data_input_mode
 .text.oled_data_output_mode
                0x0000000008008b50       0x2c build_ak-base-kit-stm32f103-application/sources/platform/stm32f/io_cfg.o
                0x0000000008008b50                oled_data_output_mode
 .text.oled_data_digital_write_low
                0x0000000008008b7c       0x10 build_ak-base-kit-stm32f103-application/sources/platform/stm32f/io_cfg.o
                0x0000000008008b7c                oled_data_digital_write_low
 .text.oled_data_digital_write_high
                0x0000000008008b8c       0x10 build_ak-base-kit-stm32f103-application/sources/platform/stm32f/io_cfg.o
                0x0000000008008b8c                oled_data_digital_write_high
 .text.oled_res_input_mode
                0x0000000008008b9c       0x2c build_ak-base-kit-stm32f103-application/sources/platform/stm32f/io_cfg.o
                0x0000000008008b9c                oled_res_input_mode
 .text.oled_res_output_mode
                0x0000000008008bc8       0x2c build_ak-base-kit-stm32f103-application/sources/platform/stm32f/io_cfg.o
                0x0000000008008bc8                oled_res_output_mode
 .text.oled_res_digital_write_low
                0x0000000008008bf4       0x10 build_ak-base-kit-stm32f103-application/sources/platform/stm32f/io_cfg.o
                0x0000000008008bf4                oled_res_digital_write_low
 .text.oled_res_digital_write_high
                0x0000000008008c04       0x10 build_ak-base-kit-stm32f103-application/sources/platform/stm32f/io_cfg.o
                0x0000000008008c04                oled_res_digital_write_high
 .text.io_eeprom_read
                0x0000000008008c14       0x34 build_ak-base-kit-stm32f103-application/sources/platform/stm32f/io_cfg.o
                0x0000000008008c14                io_eeprom_read
 .text.io_eeprom_erase
                0x0000000008008c48       0x4a build_ak-base-kit-stm32f103-application/sources/platform/stm32f/io_cfg.o
                0x0000000008008c48                io_eeprom_erase
 .text.internal_flash_unlock
                0x0000000008008c92       0x10 build_ak-base-kit-stm32f103-application/sources/platform/stm32f/io_cfg.o
                0x0000000008008c92                internal_flash_unlock
 .text.internal_flash_lock
                0x0000000008008ca2        0x4 build_ak-base-kit-stm32f103-application/sources/platform/stm32f/io_cfg.o
                0x0000000008008ca2                internal_flash_lock
 .text.internal_flash_erase_pages_cal
                0x0000000008008ca6       0x24 build_ak-base-kit-stm32f103-application/sources/platform/stm32f/io_cfg.o
                0x0000000008008ca6                internal_flash_erase_pages_cal
 .text.internal_flash_write_cal
                0x0000000008008cca       0x46 build_ak-base-kit-stm32f103-application/sources/platform/stm32f/io_cfg.o
                0x0000000008008cca                internal_flash_write_cal
 .text.io_uart2_cfg
                0x0000000008008d10       0xac build_ak-base-kit-stm32f103-application/sources/platform/stm32f/io_cfg.o
                0x0000000008008d10                io_uart2_cfg
 .text.io_uart_rs485_cfg
                0x0000000008008dbc       0x68 build_ak-base-kit-stm32f103-application/sources/platform/stm32f/io_cfg.o
                0x0000000008008dbc                io_uart_rs485_cfg
 .text.io_rs485_dir_mode_output
                0x0000000008008e24       0x2c build_ak-base-kit-stm32f103-application/sources/platform/stm32f/io_cfg.o
                0x0000000008008e24                io_rs485_dir_mode_output
 .text.io_rs485_dir_low
                0x0000000008008e50        0xc build_ak-base-kit-stm32f103-application/sources/platform/stm32f/io_cfg.o
                0x0000000008008e50                io_rs485_dir_low
 .text.io_rs485_dir_high
                0x0000000008008e5c        0xc build_ak-base-kit-stm32f103-application/sources/platform/stm32f/io_cfg.o
                0x0000000008008e5c                io_rs485_dir_high
 .text.SystemInit
                0x0000000008008e68       0xf0 build_ak-base-kit-stm32f103-application/sources/platform/stm32f/system_stm32f10x.o
                0x0000000008008e68                SystemInit
 .text.SystemCoreClockUpdate
                0x0000000008008f58       0x58 build_ak-base-kit-stm32f103-application/sources/platform/stm32f/system_stm32f10x.o
                0x0000000008008f58                SystemCoreClockUpdate
 .text.startup._GLOBAL__sub_I_dyn_view_idle
                0x0000000008008fb0       0x10 build_ak-base-kit-stm32f103-application/sources/app/screens/scr_idle.o
 .text.exit._GLOBAL__sub_D_dyn_view_idle
                0x0000000008008fc0       0x10 build_ak-base-kit-stm32f103-application/sources/app/screens/scr_idle.o
 .text._Z11task_systemP8ak_msg_t
                0x0000000008008fd0       0x44 build_ak-base-kit-stm32f103-application/sources/app/task_system.o
                0x0000000008008fd0                task_system(ak_msg_t*)
 .text.main_app
                0x0000000008009014      0x274 build_ak-base-kit-stm32f103-application/sources/app/app.o
                0x0000000008009014                main_app
 .text._Z19task_polling_zigbeev
                0x0000000008009288        0x2 build_ak-base-kit-stm32f103-application/sources/app/app.o
                0x0000000008009288                task_polling_zigbee()
 *fill*         0x000000000800928a        0x2 
 .text._Z20task_polling_consolev
                0x000000000800928c       0xd8 build_ak-base-kit-stm32f103-application/sources/app/app.o
                0x000000000800928c                task_polling_console()
 .text.sys_irq_timer_10ms
                0x0000000008009364       0x24 build_ak-base-kit-stm32f103-application/sources/app/app.o
                0x0000000008009364                sys_irq_timer_10ms
 .text._Z17btn_mode_callbackPv
                0x0000000008009388       0x3c build_ak-base-kit-stm32f103-application/sources/app/app_bsp.o
                0x0000000008009388                btn_mode_callback(void*)
 .text._Z15btn_up_callbackPv
                0x00000000080093c4       0x3c build_ak-base-kit-stm32f103-application/sources/app/app_bsp.o
                0x00000000080093c4                btn_up_callback(void*)
 .text._Z17btn_down_callbackPv
                0x0000000008009400       0x3c build_ak-base-kit-stm32f103-application/sources/app/app_bsp.o
                0x0000000008009400                btn_down_callback(void*)
 .text._Z22updateDataModbusDeviceP21ModbusDeviceStructure
                0x000000000800943c       0xc4 build_ak-base-kit-stm32f103-application/sources/app/app_modbus_pull.o
                0x000000000800943c                updateDataModbusDevice(ModbusDeviceStructure*)
 .text._ZL19str_parser_get_attrh
                0x0000000008009500       0x1c build_ak-base-kit-stm32f103-application/sources/app/shell.o
 .text._Z9shell_sttPh
                0x000000000800951c        0x4 build_ak-base-kit-stm32f103-application/sources/app/shell.o
                0x000000000800951c                shell_stt(unsigned char*)
 .text._Z9shell_psvPh
                0x0000000008009520       0x14 build_ak-base-kit-stm32f103-application/sources/app/shell.o
                0x0000000008009520                shell_psv(unsigned char*)
 .text._Z11shell_resetPh
                0x0000000008009534       0x10 build_ak-base-kit-stm32f103-application/sources/app/shell.o
                0x0000000008009534                shell_reset(unsigned char*)
 .text._Z10shell_helpPh
                0x0000000008009544       0x30 build_ak-base-kit-stm32f103-application/sources/app/shell.o
                0x0000000008009544                shell_help(unsigned char*)
 .text._Z9shell_verPh
                0x0000000008009574      0x118 build_ak-base-kit-stm32f103-application/sources/app/shell.o
                0x0000000008009574                shell_ver(unsigned char*)
 .text._Z12shell_rebootPh
                0x000000000800968c       0x10 build_ak-base-kit-stm32f103-application/sources/app/shell.o
                0x000000000800968c                shell_reboot(unsigned char*)
 .text._ZL10str_parserPc
                0x000000000800969c       0x60 build_ak-base-kit-stm32f103-application/sources/app/shell.o
 .text._Z11shell_fatalPh
                0x00000000080096fc      0x2f4 build_ak-base-kit-stm32f103-application/sources/app/shell.o
                0x00000000080096fc                shell_fatal(unsigned char*)
 .text._Z11shell_flashPh
                0x00000000080099f0      0x150 build_ak-base-kit-stm32f103-application/sources/app/shell.o
                0x00000000080099f0                shell_flash(unsigned char*)
 .text._Z9shell_epsPh
                0x0000000008009b40       0xd0 build_ak-base-kit-stm32f103-application/sources/app/shell.o
                0x0000000008009b40                shell_eps(unsigned char*)
 .text._Z9shell_ramPh
                0x0000000008009c10      0x20c build_ak-base-kit-stm32f103-application/sources/app/shell.o
                0x0000000008009c10                shell_ram(unsigned char*)
 .text._Z10shell_bootPh
                0x0000000008009e1c       0xdc build_ak-base-kit-stm32f103-application/sources/app/shell.o
                0x0000000008009e1c                shell_boot(unsigned char*)
 .text._Z9shell_fwuPh
                0x0000000008009ef8       0x34 build_ak-base-kit-stm32f103-application/sources/app/shell.o
                0x0000000008009ef8                shell_fwu(unsigned char*)
 .text._Z12shell_buzzerPh
                0x0000000008009f2c       0x88 build_ak-base-kit-stm32f103-application/sources/app/shell.o
                0x0000000008009f2c                shell_buzzer(unsigned char*)
 .text._Z9shell_dbgPh
                0x0000000008009fb4       0x38 build_ak-base-kit-stm32f103-application/sources/app/shell.o
                0x0000000008009fb4                shell_dbg(unsigned char*)
 .text._Z12shell_modbusPh
                0x0000000008009fec       0xe0 build_ak-base-kit-stm32f103-application/sources/app/shell.o
                0x0000000008009fec                shell_modbus(unsigned char*)
 .text._Z9shell_epiPh
                0x000000000800a0cc        0x4 build_ak-base-kit-stm32f103-application/sources/app/shell.o
                0x000000000800a0cc                shell_epi(unsigned char*)
 .text._Z9shell_lcdPh
                0x000000000800a0d0      0x15c build_ak-base-kit-stm32f103-application/sources/app/shell.o
                0x000000000800a0d0                shell_lcd(unsigned char*)
 .text.sys_irq_shell
                0x000000000800a22c       0x2c build_ak-base-kit-stm32f103-application/sources/app/task_shell.o
                0x000000000800a22c                sys_irq_shell
 .text._Z10task_shellP8ak_msg_t
                0x000000000800a258       0x7c build_ak-base-kit-stm32f103-application/sources/app/task_shell.o
                0x000000000800a258                task_shell(ak_msg_t*)
 .text._Z9task_lifeP8ak_msg_t
                0x000000000800a2d4       0x20 build_ak-base-kit-stm32f103-application/sources/app/task_life.o
                0x000000000800a2d4                task_life(ak_msg_t*)
 .text._Z7task_fwP8ak_msg_t
                0x000000000800a2f4      0x490 build_ak-base-kit-stm32f103-application/sources/app/task_fw.o
                0x000000000800a2f4                task_fw(ak_msg_t*)
 .text._Z12task_displayP8ak_msg_t
                0x000000000800a784        0x4 build_ak-base-kit-stm32f103-application/sources/app/task_display.o
                0x000000000800a784                task_display(ak_msg_t*)
 .text._Z7task_ifP8ak_msg_t
                0x000000000800a788       0xe4 build_ak-base-kit-stm32f103-application/sources/app/task_if.o
                0x000000000800a788                task_if(ak_msg_t*)
 .text._Z12task_rf24_ifP8ak_msg_t
                0x000000000800a86c        0x2 build_ak-base-kit-stm32f103-application/sources/app/task_rf24_if.o
                0x000000000800a86c                task_rf24_if(ak_msg_t*)
 *fill*         0x000000000800a86e        0x2 
 .text._Z12task_uart_ifP8ak_msg_t
                0x000000000800a870       0xc4 build_ak-base-kit-stm32f103-application/sources/app/task_uart_if.o
                0x000000000800a870                task_uart_if(ak_msg_t*)
 .text._Z8task_dbgP8ak_msg_t
                0x000000000800a934        0x2 build_ak-base-kit-stm32f103-application/sources/app/task_dbg.o
                0x000000000800a934                task_dbg(ak_msg_t*)
 .text._ZL19view_render_dynamicPv
                0x000000000800a936        0xa build_ak-base-kit-stm32f103-application/sources/common/view_render.o
 .text.startup._GLOBAL__sub_I_view_render
                0x000000000800a940        0xc build_ak-base-kit-stm32f103-application/sources/common/view_render.o
 .text.exit._GLOBAL__sub_D_view_render
                0x000000000800a94c        0xc build_ak-base-kit-stm32f103-application/sources/common/view_render.o
 .text._Z18view_render_screenP13view_screen_t
                0x000000000800a958       0x68 build_ak-base-kit-stm32f103-application/sources/common/view_render.o
                0x000000000800a958                view_render_screen(view_screen_t*)
 .text._ZL21view_render_rectanglePv
                0x000000000800a9c0       0xe8 build_ak-base-kit-stm32f103-application/sources/common/view_render.o
 .text._Z16scr_mng_dispatchP8ak_msg_t
                0x000000000800aaa8       0x48 build_ak-base-kit-stm32f103-application/sources/common/screen_manager.o
                0x000000000800aaa8                scr_mng_dispatch(ak_msg_t*)
 .text._ZN12Adafruit_GFX8drawLineEsssst
                0x000000000800aaf0       0xbe build_ak-base-kit-stm32f103-application/sources/driver/Adafruit_oled_drv/Adafruit_GFX.o
                0x000000000800aaf0                Adafruit_GFX::drawLine(short, short, short, short, unsigned short)
 .text._ZN12Adafruit_GFX8drawRectEsssst
                0x000000000800abae       0x68 build_ak-base-kit-stm32f103-application/sources/driver/Adafruit_oled_drv/Adafruit_GFX.o
                0x000000000800abae                Adafruit_GFX::drawRect(short, short, short, short, unsigned short)
 .text._ZN12Adafruit_GFX13drawFastVLineEssst
                0x000000000800ac16       0x1c build_ak-base-kit-stm32f103-application/sources/driver/Adafruit_oled_drv/Adafruit_GFX.o
                0x000000000800ac16                Adafruit_GFX::drawFastVLine(short, short, short, unsigned short)
 .text._ZN12Adafruit_GFX13drawFastHLineEssst
                0x000000000800ac32       0x1a build_ak-base-kit-stm32f103-application/sources/driver/Adafruit_oled_drv/Adafruit_GFX.o
                0x000000000800ac32                Adafruit_GFX::drawFastHLine(short, short, short, unsigned short)
 .text._ZN12Adafruit_GFX8fillRectEsssst
                0x000000000800ac4c       0x38 build_ak-base-kit-stm32f103-application/sources/driver/Adafruit_oled_drv/Adafruit_GFX.o
                0x000000000800ac4c                Adafruit_GFX::fillRect(short, short, short, short, unsigned short)
 .text._ZN12Adafruit_GFX10fillScreenEt
                0x000000000800ac84       0x1c build_ak-base-kit-stm32f103-application/sources/driver/Adafruit_oled_drv/Adafruit_GFX.o
                0x000000000800ac84                Adafruit_GFX::fillScreen(unsigned short)
 .text._ZN12Adafruit_GFXC2Ess
                0x000000000800aca0       0x28 build_ak-base-kit-stm32f103-application/sources/driver/Adafruit_oled_drv/Adafruit_GFX.o
                0x000000000800aca0                Adafruit_GFX::Adafruit_GFX(short, short)
                0x000000000800aca0                Adafruit_GFX::Adafruit_GFX(short, short)
 .text._ZN12Adafruit_GFX8drawCharEsshtth
                0x000000000800acc8      0x108 build_ak-base-kit-stm32f103-application/sources/driver/Adafruit_oled_drv/Adafruit_GFX.o
                0x000000000800acc8                Adafruit_GFX::drawChar(short, short, unsigned char, unsigned short, unsigned short, unsigned char)
 .text._ZN12Adafruit_GFX5writeEh
                0x000000000800add0       0x64 build_ak-base-kit-stm32f103-application/sources/driver/Adafruit_oled_drv/Adafruit_GFX.o
                0x000000000800add0                Adafruit_GFX::write(unsigned char)
 .text._ZN12Adafruit_GFX9setCursorEss
                0x000000000800ae34        0x6 build_ak-base-kit-stm32f103-application/sources/driver/Adafruit_oled_drv/Adafruit_GFX.o
                0x000000000800ae34                Adafruit_GFX::setCursor(short, short)
 .text._ZN12Adafruit_GFX11setTextSizeEh
                0x000000000800ae3a        0xa build_ak-base-kit-stm32f103-application/sources/driver/Adafruit_oled_drv/Adafruit_GFX.o
                0x000000000800ae3a                Adafruit_GFX::setTextSize(unsigned char)
 .text._ZN12Adafruit_GFX12setTextColorEt
                0x000000000800ae44        0x6 build_ak-base-kit-stm32f103-application/sources/driver/Adafruit_oled_drv/Adafruit_GFX.o
                0x000000000800ae44                Adafruit_GFX::setTextColor(unsigned short)
 .text._ZN12Adafruit_GFX5widthEv
                0x000000000800ae4a        0x6 build_ak-base-kit-stm32f103-application/sources/driver/Adafruit_oled_drv/Adafruit_GFX.o
                0x000000000800ae4a                Adafruit_GFX::width()
 .text._ZN12Adafruit_GFX6heightEv
                0x000000000800ae50        0x6 build_ak-base-kit-stm32f103-application/sources/driver/Adafruit_oled_drv/Adafruit_GFX.o
                0x000000000800ae50                Adafruit_GFX::height()
 .text._ZN17Adafruit_oled_drv9updateRowEii
                0x000000000800ae56       0x1e build_ak-base-kit-stm32f103-application/sources/driver/Adafruit_oled_drv/Adafruit_oled_drv.o
                0x000000000800ae56                Adafruit_oled_drv::updateRow(int, int)
 .text._ZN17Adafruit_oled_drv9drawPixelEsst
                0x000000000800ae74       0x52 build_ak-base-kit-stm32f103-application/sources/driver/Adafruit_oled_drv/Adafruit_oled_drv.o
                0x000000000800ae74                Adafruit_oled_drv::drawPixel(short, short, unsigned short)
 *fill*         0x000000000800aec6        0x2 
 .text._ZN17Adafruit_oled_drvC2Ev
                0x000000000800aec8       0x28 build_ak-base-kit-stm32f103-application/sources/driver/Adafruit_oled_drv/Adafruit_oled_drv.o
                0x000000000800aec8                Adafruit_oled_drv::Adafruit_oled_drv()
                0x000000000800aec8                Adafruit_oled_drv::Adafruit_oled_drv()
 .text._ZN17Adafruit_oled_drvD2Ev
                0x000000000800aef0        0x2 build_ak-base-kit-stm32f103-application/sources/driver/Adafruit_oled_drv/Adafruit_oled_drv.o
                0x000000000800aef0                Adafruit_oled_drv::~Adafruit_oled_drv()
                0x000000000800aef0                Adafruit_oled_drv::~Adafruit_oled_drv()
 .text._ZN17Adafruit_oled_drv5clearEb
                0x000000000800aef2       0x22 build_ak-base-kit-stm32f103-application/sources/driver/Adafruit_oled_drv/Adafruit_oled_drv.o
                0x000000000800aef2                Adafruit_oled_drv::clear(bool)
 .text._ZN17Adafruit_oled_drv9writeByteEh
                0x000000000800af14       0x54 build_ak-base-kit-stm32f103-application/sources/driver/Adafruit_oled_drv/Adafruit_oled_drv.o
                0x000000000800af14                Adafruit_oled_drv::writeByte(unsigned char)
 .text._ZN17Adafruit_oled_drv8startIICEv
                0x000000000800af68       0x2c build_ak-base-kit-stm32f103-application/sources/driver/Adafruit_oled_drv/Adafruit_oled_drv.o
                0x000000000800af68                Adafruit_oled_drv::startIIC()
 .text._ZN17Adafruit_oled_drv7stopIICEv
                0x000000000800af94       0x2c build_ak-base-kit-stm32f103-application/sources/driver/Adafruit_oled_drv/Adafruit_oled_drv.o
                0x000000000800af94                Adafruit_oled_drv::stopIIC()
 .text._ZN17Adafruit_oled_drv12writeCommandEh
                0x000000000800afc0       0x2c build_ak-base-kit-stm32f103-application/sources/driver/Adafruit_oled_drv/Adafruit_oled_drv.o
                0x000000000800afc0                Adafruit_oled_drv::writeCommand(unsigned char)
 .text._ZN17Adafruit_oled_drv10initializeEv
                0x000000000800afec      0x120 build_ak-base-kit-stm32f103-application/sources/driver/Adafruit_oled_drv/Adafruit_oled_drv.o
                0x000000000800afec                Adafruit_oled_drv::initialize()
 .text._ZN17Adafruit_oled_drv10display_onEv
                0x000000000800b10c        0x6 build_ak-base-kit-stm32f103-application/sources/driver/Adafruit_oled_drv/Adafruit_oled_drv.o
                0x000000000800b10c                Adafruit_oled_drv::display_on()
 .text._ZN17Adafruit_oled_drv11display_offEv
                0x000000000800b112        0x6 build_ak-base-kit-stm32f103-application/sources/driver/Adafruit_oled_drv/Adafruit_oled_drv.o
                0x000000000800b112                Adafruit_oled_drv::display_off()
 .text._ZN17Adafruit_oled_drv17startDataSequenceEv
                0x000000000800b118       0x1c build_ak-base-kit-stm32f103-application/sources/driver/Adafruit_oled_drv/Adafruit_oled_drv.o
                0x000000000800b118                Adafruit_oled_drv::startDataSequence()
 .text._ZN17Adafruit_oled_drv6updateEv
                0x000000000800b134       0x4e build_ak-base-kit-stm32f103-application/sources/driver/Adafruit_oled_drv/Adafruit_oled_drv.o
                0x000000000800b134                Adafruit_oled_drv::update()
 .text._ZN17Adafruit_oled_drv9updateRowEi
                0x000000000800b182       0x6c build_ak-base-kit-stm32f103-application/sources/driver/Adafruit_oled_drv/Adafruit_oled_drv.o
                0x000000000800b182                Adafruit_oled_drv::updateRow(int)
 .text.eeprom_read
                0x000000000800b1ee        0x4 build_ak-base-kit-stm32f103-application/sources/driver/eeprom/eeprom.o
                0x000000000800b1ee                eeprom_read
 .text.eeprom_erase
                0x000000000800b1f2        0x4 build_ak-base-kit-stm32f103-application/sources/driver/eeprom/eeprom.o
                0x000000000800b1f2                eeprom_erase
 .text.DATA_EEPROM_ProgramByte
                0x000000000800b1f6        0x4 build_ak-base-kit-stm32f103-application/sources/driver/eeprom/eeprom.o
                0x000000000800b1f6                DATA_EEPROM_ProgramByte
 .text.DATA_EEPROM_Unlock
                0x000000000800b1fa        0x2 build_ak-base-kit-stm32f103-application/sources/driver/eeprom/eeprom.o
                0x000000000800b1fa                DATA_EEPROM_Unlock
 .text.DATA_EEPROM_Lock
                0x000000000800b1fc        0x2 build_ak-base-kit-stm32f103-application/sources/driver/eeprom/eeprom.o
                0x000000000800b1fc                DATA_EEPROM_Lock
 .text._ZL19link_hal_write_byteh
                0x000000000800b1fe        0x2 build_ak-base-kit-stm32f103-application/sources/networks/net/link/hal/link_hal.o
 .text._ZL17link_hal_rev_byteh
                0x000000000800b200        0x4 build_ak-base-kit-stm32f103-application/sources/networks/net/link/hal/link_hal.o
 .text._Z23link_hal_reg_write_bytePFhhE
                0x000000000800b204       0x28 build_ak-base-kit-stm32f103-application/sources/networks/net/link/hal/link_hal.o
                0x000000000800b204                link_hal_reg_write_byte(unsigned char (*)(unsigned char))
 .text._Z21link_hal_reg_rev_bytePFhhE
                0x000000000800b22c       0x28 build_ak-base-kit-stm32f103-application/sources/networks/net/link/hal/link_hal.o
                0x000000000800b22c                link_hal_reg_rev_byte(unsigned char (*)(unsigned char))
 .text._ZL21fsm_link_state_handleP8ak_msg_t
                0x000000000800b254      0x2b0 build_ak-base-kit-stm32f103-application/sources/networks/net/link/link.o
 .text._ZL19fsm_link_state_initP8ak_msg_t
                0x000000000800b504       0x80 build_ak-base-kit-stm32f103-application/sources/networks/net/link/link.o
 .text._Z9task_linkP8ak_msg_t
                0x000000000800b584        0xc build_ak-base-kit-stm32f103-application/sources/networks/net/link/link.o
                0x000000000800b584                task_link(ak_msg_t*)
 .text._Z23link_init_state_machinev
                0x000000000800b590       0x2c build_ak-base-kit-stm32f103-application/sources/networks/net/link/link.o
                0x000000000800b590                link_init_state_machine()
 .text._ZL23link_mac_frame_send_reqv
                0x000000000800b5bc       0x3c build_ak-base-kit-stm32f103-application/sources/networks/net/link/link_mac.o
 .text._ZL23link_mac_frame_send_endv
                0x000000000800b5f8       0x34 build_ak-base-kit-stm32f103-application/sources/networks/net/link/link_mac.o
 .text._ZL28link_mac_frame_cals_checksumP16link_mac_frame_t.constprop.0
                0x000000000800b62c       0x38 build_ak-base-kit-stm32f103-application/sources/networks/net/link/link_mac.o
 .text._Z25fsm_link_mac_state_handleP8ak_msg_t
                0x000000000800b664      0x2b8 build_ak-base-kit-stm32f103-application/sources/networks/net/link/link_mac.o
                0x000000000800b664                fsm_link_mac_state_handle(ak_msg_t*)
 .text._Z13task_link_macP8ak_msg_t
                0x000000000800b91c        0xc build_ak-base-kit-stm32f103-application/sources/networks/net/link/link_mac.o
                0x000000000800b91c                task_link_mac(ak_msg_t*)
 .text._Z23fsm_link_mac_state_initP8ak_msg_t
                0x000000000800b928       0x88 build_ak-base-kit-stm32f103-application/sources/networks/net/link/link_mac.o
                0x000000000800b928                fsm_link_mac_state_init(ak_msg_t*)
 .text._ZL26link_phy_frame_write_blockPhm
                0x000000000800b9b0       0x1c build_ak-base-kit-stm32f103-application/sources/networks/net/link/link_phy.o
 .text._ZL20link_phy_frame_writeP16link_phy_frame_t
                0x000000000800b9cc       0x1c build_ak-base-kit-stm32f103-application/sources/networks/net/link/link_phy.o
 .text._ZL28link_phy_frame_cals_checksumP16link_phy_frame_t
                0x000000000800b9e8       0x38 build_ak-base-kit-stm32f103-application/sources/networks/net/link/link_phy.o
 .text._ZL25link_phy_frame_write_byteh
                0x000000000800ba20        0xc build_ak-base-kit-stm32f103-application/sources/networks/net/link/link_phy.o
 .text._ZL26ac_link_phy_frame_rev_byteh
                0x000000000800ba2c      0x100 build_ak-base-kit-stm32f103-application/sources/networks/net/link/link_phy.o
 .text._ZL19link_phy_frame_sendv
                0x000000000800bb2c       0x2c build_ak-base-kit-stm32f103-application/sources/networks/net/link/link_phy.o
 .text._Z25fsm_link_phy_state_handleP8ak_msg_t
                0x000000000800bb58      0x1f0 build_ak-base-kit-stm32f103-application/sources/networks/net/link/link_phy.o
                0x000000000800bb58                fsm_link_phy_state_handle(ak_msg_t*)
 .text._Z13task_link_phyP8ak_msg_t
                0x000000000800bd48        0xc build_ak-base-kit-stm32f103-application/sources/networks/net/link/link_phy.o
                0x000000000800bd48                task_link_phy(ak_msg_t*)
 .text._Z23fsm_link_phy_state_initP8ak_msg_t
                0x000000000800bd54       0x90 build_ak-base-kit-stm32f103-application/sources/networks/net/link/link_phy.o
                0x000000000800bd54                fsm_link_phy_state_init(ak_msg_t*)
 .text._Z26link_phy_get_send_frame_tov
                0x000000000800bde4       0x10 build_ak-base-kit-stm32f103-application/sources/networks/net/link/link_phy.o
                0x000000000800bde4                link_phy_get_send_frame_to()
 .text._Z13link_pdu_initv
                0x000000000800bdf4       0x54 build_ak-base-kit-stm32f103-application/sources/networks/net/link/link_data.o
                0x000000000800bdf4                link_pdu_init()
 .text._Z15link_pdu_mallocv
                0x000000000800be48       0x24 build_ak-base-kit-stm32f103-application/sources/networks/net/link/link_data.o
                0x000000000800be48                link_pdu_malloc()
 .text._Z12link_pdu_getm
                0x000000000800be6c       0x3c build_ak-base-kit-stm32f103-application/sources/networks/net/link/link_data.o
                0x000000000800be6c                link_pdu_get(unsigned long)
 .text._Z13link_pdu_freem
                0x000000000800bea8       0x4c build_ak-base-kit-stm32f103-application/sources/networks/net/link/link_data.o
                0x000000000800bea8                link_pdu_free(unsigned long)
 .text._Z17link_get_src_addrv
                0x000000000800bef4       0x18 build_ak-base-kit-stm32f103-application/sources/networks/net/link/link_data.o
                0x000000000800bef4                link_get_src_addr()
 .text._Z17link_get_des_addrv
                0x000000000800bf0c       0x18 build_ak-base-kit-stm32f103-application/sources/networks/net/link/link_data.o
                0x000000000800bf0c                link_get_des_addr()
 .text._Z7pinModehh
                0x000000000800bf24       0x84 build_ak-base-kit-stm32f103-application/sources/platform/stm32f/arduino/cores/wiring_digital.o
                0x000000000800bf24                pinMode(unsigned char, unsigned char)
 .text._Z12digitalWritehh
                0x000000000800bfa8       0x78 build_ak-base-kit-stm32f103-application/sources/platform/stm32f/arduino/cores/wiring_digital.o
                0x000000000800bfa8                digitalWrite(unsigned char, unsigned char)
 .text._ZN5Print5writeEPKhj
                0x000000000800c020       0x22 build_ak-base-kit-stm32f103-application/sources/platform/stm32f/arduino/cores/Print.o
                0x000000000800c020                Print::write(unsigned char const*, unsigned int)
 .text._ZN5Print5writeEPKc
                0x000000000800c042       0x20 build_ak-base-kit-stm32f103-application/sources/platform/stm32f/arduino/cores/Print.o
                0x000000000800c042                Print::write(char const*)
 .text._ZN5Print5printEPKc
                0x000000000800c062        0x8 build_ak-base-kit-stm32f103-application/sources/platform/stm32f/arduino/cores/Print.o
                0x000000000800c062                Print::print(char const*)
 .text._ZN14HardwareSerial9availableEv
                0x000000000800c06a        0xa build_ak-base-kit-stm32f103-application/sources/platform/stm32f/arduino/cores/HardwareSerial.o
                0x000000000800c06a                HardwareSerial::available()
 .text._ZN14HardwareSerial4peekEv
                0x000000000800c074       0x14 build_ak-base-kit-stm32f103-application/sources/platform/stm32f/arduino/cores/HardwareSerial.o
                0x000000000800c074                HardwareSerial::peek()
 .text._ZN14HardwareSerial4readEv
                0x000000000800c088       0x20 build_ak-base-kit-stm32f103-application/sources/platform/stm32f/arduino/cores/HardwareSerial.o
                0x000000000800c088                HardwareSerial::read()
 .text._ZN14HardwareSerial5flushEv
                0x000000000800c0a8        0x2 build_ak-base-kit-stm32f103-application/sources/platform/stm32f/arduino/cores/HardwareSerial.o
                0x000000000800c0a8                HardwareSerial::flush()
 .text._ZN14HardwareSerial17availableForWriteEv
                0x000000000800c0aa       0x26 build_ak-base-kit-stm32f103-application/sources/platform/stm32f/arduino/cores/HardwareSerial.o
                0x000000000800c0aa                HardwareSerial::availableForWrite()
 .text._ZN14HardwareSerial5writeEh
                0x000000000800c0d0       0x30 build_ak-base-kit-stm32f103-application/sources/platform/stm32f/arduino/cores/HardwareSerial.o
                0x000000000800c0d0                HardwareSerial::write(unsigned char)
 .text._ZL20serial2_trigger_putcv
                0x000000000800c100       0x10 build_ak-base-kit-stm32f103-application/sources/platform/stm32f/arduino/cores/HardwareSerial2.o
 .text.startup._GLOBAL__sub_I_Serial2