sources/platform/stm32f/io_cfg.c:34:6:io_button_mode_init	16	static
sources/platform/stm32f/io_cfg.c:45:6:io_button_up_init	16	static
sources/platform/stm32f/io_cfg.c:56:6:io_button_down_init	16	static
sources/platform/stm32f/io_cfg.c:69:9:io_button_mode_read	0	static
sources/platform/stm32f/io_cfg.c:73:9:io_button_up_read	0	static
sources/platform/stm32f/io_cfg.c:77:9:io_button_down_read	0	static
sources/platform/stm32f/io_cfg.c:84:6:led_life_init	16	static
sources/platform/stm32f/io_cfg.c:97:6:led_life_on	0	static
sources/platform/stm32f/io_cfg.c:101:6:led_life_off	0	static
sources/platform/stm32f/io_cfg.c:108:6:nrf24l01_io_ctrl_init	32	static
sources/platform/stm32f/io_cfg.c:156:6:nrf24l01_spi_ctrl_init	40	static
sources/platform/stm32f/io_cfg.c:208:6:nrf24l01_ce_low	0	static
sources/platform/stm32f/io_cfg.c:212:6:nrf24l01_ce_high	0	static
sources/platform/stm32f/io_cfg.c:216:6:nrf24l01_csn_low	0	static
sources/platform/stm32f/io_cfg.c:220:6:nrf24l01_csn_high	0	static
sources/platform/stm32f/io_cfg.c:254:6:flash_io_ctrl_init	16	static
sources/platform/stm32f/io_cfg.c:267:6:flash_cs_low	0	static
sources/platform/stm32f/io_cfg.c:271:6:flash_cs_high	0	static
sources/platform/stm32f/io_cfg.c:275:9:flash_transfer	24	static
sources/platform/stm32f/io_cfg.c:224:9:nrf24l01_spi_rw	0	static
sources/platform/stm32f/io_cfg.c:309:6:io_cfg_adc1	32	static
sources/platform/stm32f/io_cfg.c:325:6:adc_bat_io_cfg	16	static
sources/platform/stm32f/io_cfg.c:335:10:adc_bat_io_read	8	static
sources/platform/stm32f/io_cfg.c:344:10:sys_ctr_get_vbat_voltage	16	static
sources/platform/stm32f/io_cfg.c:366:10:sys_ctr_get_mcu_temperature	8	static
sources/platform/stm32f/io_cfg.c:393:6:oled_clk_input_mode	16	static
sources/platform/stm32f/io_cfg.c:403:6:oled_clk_output_mode	16	static
sources/platform/stm32f/io_cfg.c:414:6:oled_clk_digital_write_low	0	static
sources/platform/stm32f/io_cfg.c:418:6:oled_clk_digital_write_high	0	static
sources/platform/stm32f/io_cfg.c:422:5:oled_clk_digital_read	8	static
sources/platform/stm32f/io_cfg.c:426:6:oled_data_input_mode	16	static
sources/platform/stm32f/io_cfg.c:436:6:oled_data_output_mode	16	static
sources/platform/stm32f/io_cfg.c:447:6:oled_data_digital_write_low	0	static
sources/platform/stm32f/io_cfg.c:451:6:oled_data_digital_write_high	0	static
sources/platform/stm32f/io_cfg.c:455:5:oled_data_digital_read	8	static
sources/platform/stm32f/io_cfg.c:460:6:oled_res_input_mode	16	static
sources/platform/stm32f/io_cfg.c:471:6:oled_res_output_mode	16	static
sources/platform/stm32f/io_cfg.c:480:6:oled_res_digital_write_low	0	static
sources/platform/stm32f/io_cfg.c:484:6:oled_res_digital_write_high	0	static
sources/platform/stm32f/io_cfg.c:488:5:oled_res_digital_read	8	static
sources/platform/stm32f/io_cfg.c:497:9:io_eeprom_read	16	static
sources/platform/stm32f/io_cfg.c:513:9:io_eeprom_write	24	static
sources/platform/stm32f/io_cfg.c:544:9:io_eeprom_erase	16	static
sources/platform/stm32f/io_cfg.c:577:6:internal_flash_unlock	8	static
sources/platform/stm32f/io_cfg.c:583:6:internal_flash_lock	0	static
sources/platform/stm32f/io_cfg.c:587:6:internal_flash_erase_pages_cal	16	static
sources/platform/stm32f/io_cfg.c:602:9:internal_flash_write_cal	32	static
sources/platform/stm32f/io_cfg.c:626:6:io_uart2_cfg	40	static
sources/platform/stm32f/io_cfg.c:676:6:io_uart2_putc	8	static
sources/platform/stm32f/io_cfg.c:687:9:io_uart2_getc	16	static
sources/platform/stm32f/io_cfg.c:699:6:io_uart_rs485_cfg	16	static
sources/platform/stm32f/io_cfg.c:737:6:io_rs485_dir_mode_output	16	static
sources/platform/stm32f/io_cfg.c:748:6:io_rs485_dir_low	0	static
sources/platform/stm32f/io_cfg.c:752:6:io_rs485_dir_high	0	static
